Microchip MPLAB XC8 Compiler V2.32

Linker command line:

-W-3 --edf=C:\Program Files\Microchip\xc8\v2.32\pic\dat\en_msgs.txt -cn \
  -h+dist/default/production\Lab02.X.production.sym \
  --cmf=dist/default/production\Lab02.X.production.cmf -z -Q16F887 \
  -oC:\Users\stefa\AppData\Local\Temp\xcAs850.4 --defsym=__MPLAB_BUILD=1 \
  -Mdist/default/production/Lab02.X.production.map -E1 -ver=XC8 Compiler \
  --acfsm=1493 -ASTACK=0110h-016Fh -pstack=STACK -ACODE=00h-07FFhx4 \
  -ASTRCODE=00h-01FFFh -ASTRING=00h-0FFhx32 -ACONST=00h-0FFhx32 \
  -AENTRY=00h-0FFhx32 -ACOMMON=070h-07Fh -ABANK0=020h-06Fh \
  -ABANK1=0A0h-0EFh -ABANK2=0110h-016Fh -ABANK3=0190h-01EFh \
  -ARAM=020h-06Fh,0A0h-0EFh,0110h-016Fh,0190h-01EFh \
  -AABS1=020h-07Fh,0A0h-0EFh,0110h-016Fh,0190h-01EFh -ASFR0=00h-01Fh \
  -ASFR1=080h-09Fh -ASFR2=0100h-010Fh -ASFR3=0180h-018Fh \
  -ACONFIG=02007h-02008h -DCONFIG=2 -AIDLOC=02000h-02003h -DIDLOC=2 \
  -AEEDATA=00h-0FFh/02100h -peeprom_data=EEDATA -DEEDATA=2 -DCODE=2 \
  -DSTRCODE=2 -DSTRING=2 -DCONST=2 -DENTRY=2 \
  -preset_vec=00h,intentry=04h,init,end_init -ppowerup=CODE -pcinit=CODE \
  -pfunctab=ENTRY -k C:\Users\stefa\AppData\Local\Temp\xcAs850.o \
  dist/default/production\Lab02.X.production.o 

Object code version is 3.11

Machine type is 16F887



                Name                               Link     Load   Length Selector   Space Scale
C:\Users\stefa\AppData\Local\Temp\xcAs850.o
                end_init                              C        C        3        8       0
                reset_vec                             0        0        3        0       0
                config                             2007     2007        2        0       4
dist/default/production\Lab02.X.production.o
                cinit                                 F        F       11        8       0
                intentry                              4        4        8        8       0
                config                             2007     2007        2        0       4
                text19                              7D2      7D2       2B        8       0
                text18                              CBF      CBF       41     197E       0
                text17                              BCE      BCE       1C     179C       0
                text16                              C36      C36       29     186C       0
                text15                              BEA      BEA       25     17D4       0
                text14                              B7F      B7F        C     16FE       0
                text13                              E23      E23      1DD     1C46       0
                text12                              C5F      C5F       29     18BE       0
                text11                               20       20      361        8       0
                text10                              DA7      DA7       7C     1B4E       0
                text9                               716      716       BC        8       0
                text8                               BB7      BB7       17     176E       0
                text7                               D00      D00       46     1A00       0
                text6                               C0F      C0F       27     181E       0
                text5                               649      649       CD        8       0
                text4                               B8B      B8B       16     1716       0
                text3                               D46      D46       61     1A8C       0
                text2                               BA1      BA1       16     1742       0
                text1                               C88      C88       37     1910       0
                maintext                            381      381      2C8        8       0
                cstackBANK0                          20       20       4E       20       1
                cstackCOMMON                         70       70        E       70       1
                cstackBANK1                          B8       B8        6       A0       1
                clrtext                             B77      B77        8     16EE       0
                bssBANK1                             A0       A0       18       A0       1
                bssBANK0                             6E       6E        2       20       1
                strings                             800      800       41     1000       0

TOTAL           Name                               Link     Load   Length     Space
        CLASS   STACK          

        CLASS   CODE           
                end_init                              C        C        3         0
                cinit                                 F        F       11         0
                intentry                              4        4        8         0
                reset_vec                             0        0        3         0
                text19                              7D2      7D2       2B         0
                text18                              CBF      CBF       41         0
                text17                              BCE      BCE       1C         0
                text16                              C36      C36       29         0
                text15                              BEA      BEA       25         0
                text14                              B7F      B7F        C         0
                text13                              E23      E23      1DD         0
                text12                              C5F      C5F       29         0
                text11                               20       20      361         0
                text10                              DA7      DA7       7C         0
                text9                               716      716       BC         0
                text8                               BB7      BB7       17         0
                text7                               D00      D00       46         0
                text6                               C0F      C0F       27         0
                text5                               649      649       CD         0
                text4                               B8B      B8B       16         0
                text3                               D46      D46       61         0
                text2                               BA1      BA1       16         0
                text1                               C88      C88       37         0
                maintext                            381      381      2C8         0
                clrtext                             B77      B77        8         0

        CLASS   STRCODE        

        CLASS   STRING         
                strings                             800      800       41         0

        CLASS   CONST          

        CLASS   ENTRY          

        CLASS   COMMON         
                cstackCOMMON                         70       70        E         1

        CLASS   BANK0          
                cstackBANK0                          20       20       4E         1
                bssBANK0                             6E       6E        2         1

        CLASS   BANK1          
                cstackBANK1                          B8       B8        6         1
                bssBANK1                             A0       A0       18         1

        CLASS   BANK2          

        CLASS   BANK3          

        CLASS   RAM            

        CLASS   ABS1           
                abs_s1                               7E       7E        2         1

        CLASS   SFR0           

        CLASS   SFR1           

        CLASS   SFR2           

        CLASS   SFR3           

        CLASS   CONFIG         
                config                             2007     2007        2         4

        CLASS   IDLOC          

        CLASS   EEDATA         



SEGMENTS        Name                           Load    Length   Top    Selector   Space  Class     Delta

                reset_vec                      000000  000003  000003         0       0  CODE        2
                intentry                       000004  0007F9  0007FD         8       0  CODE        2
                cstackBANK0                    000020  000050  000070        20       1  BANK0       1
                cstackCOMMON                   000070  00000E  00007E        70       1  COMMON      1
                bssBANK1                       0000A0  00001E  0000BE        A0       1  BANK1       1
                strings                        000800  000041  000841      1000       0  STRING      2
                clrtext                        000B77  000008  000B7F      16EE       0  CODE        2
                text14                         000B7F  00000C  000B8B      16FE       0  CODE        2
                text4                          000B8B  000016  000BA1      1716       0  CODE        2
                text2                          000BA1  000016  000BB7      1742       0  CODE        2
                text8                          000BB7  000017  000BCE      176E       0  CODE        2
                text17                         000BCE  00001C  000BEA      179C       0  CODE        2
                text15                         000BEA  000025  000C0F      17D4       0  CODE        2
                text6                          000C0F  000027  000C36      181E       0  CODE        2
                text16                         000C36  000029  000C5F      186C       0  CODE        2
                text12                         000C5F  000029  000C88      18BE       0  CODE        2
                text1                          000C88  000037  000CBF      1910       0  CODE        2
                text18                         000CBF  000041  000D00      197E       0  CODE        2
                text7                          000D00  000046  000D46      1A00       0  CODE        2
                text3                          000D46  000061  000DA7      1A8C       0  CODE        2
                text10                         000DA7  00007C  000E23      1B4E       0  CODE        2
                text13                         000E23  0001DD  001000      1C46       0  CODE        2


UNUSED ADDRESS RANGES

        Name                Unused          Largest block    Delta
        BANK1            00BE-00EF             32           1
        BANK2            0110-016F             60           1
        BANK3            0190-01EF             60           1
        CODE             0003-0003              1           2
                         07FD-07FF              3
                         0841-0B76            336
                         1000-1FFF            800
        CONST            0003-0003              1           2
                         07FD-07FF              3
                         0841-0B76            100
                         1000-1FFF            100
        EEDATA           2100-21FF            100           2
        ENTRY            0003-0003              1           2
                         07FD-07FF              3
                         0841-0B76            100
                         1000-1FFF            100
        IDLOC            2000-2003              4           2
        RAM              00BE-00EF             32           1
                         0110-016F             60
                         0190-01EF             60
        SFR0             0000-001F             20           1
        SFR1             0080-009F             20           1
        SFR2             0100-010F             10           1
        SFR3             0180-018F             10           1
        STACK            0110-016F             60           1
        STRCODE          0003-0003              1           2
                         07FD-07FF              3
                         0841-0B76            336
                         1000-1FFF           1000
        STRING           0003-0003              1           2
                         07FD-07FF              3
                         0841-0B76            100
                         1000-1FFF            100

                                  Symbol Table

?__Umul8_16                cstackBANK0  0020
?___fldiv                  cstackBANK0  0048
?___flmul                  cstackBANK0  002E
?___fltol                  cstackBANK0  0062
?___lwdiv                  cstackBANK0  0026
?___wmul                   cstackBANK0  0020
?___xxtofl                 cstackBANK0  0020
?_readAnalog               cstackCOMMON 0070
Lcd_Cmd@a                  cstackBANK0  0022
Lcd_Write_Char@a           cstackBANK0  0022
Lcd_Write_String@a         cstackBANK0  0025
Lcd_Write_String@i         cstackBANK0  0023
UART_Write@word            cstackBANK0  0021
UART_Write_Char@character  cstackBANK0  0020
_ADCON0bits                (abs)        001F
_ADIE                      (abs)        0466
_ADIF                      (abs)        0066
_ADON                      (abs)        00F8
_ADRESH                    (abs)        001E
_ADRESL                    (abs)        009E
_ANSEL                     (abs)        0188
_ANSELH                    (abs)        0189
_BRG16                     (abs)        0C3B
_GIE                       (abs)        005F
_GO                        (abs)        00F9
_Lcd_Cmd                   text4        0B8B
_Lcd_Init                  text3        0D46
_Lcd_Write_Char            text17       0BCE
_Lcd_Write_String          text16       0C36
_PEIE                      (abs)        005E
_PORTA                     (abs)        0005
_PORTB                     (abs)        0006
_PORTC                     (abs)        0007
_PORTD                     (abs)        0008
_PORTE                     (abs)        0009
_RCIF                      (abs)        0065
_RCREG                     (abs)        001A
_RCSTAbits                 (abs)        0018
_RE0                       (abs)        0048
_RE1                       (abs)        0049
_SPBRG                     (abs)        0099
_SPBRGH                    (abs)        009A
_TRISA                     (abs)        0085
_TRISB                     (abs)        0086
_TRISC                     (abs)        0087
_TRISD                     (abs)        0088
_TRISE                     (abs)        0089
_TXREG                     (abs)        0019
_TXSTAbits                 (abs)        0098
_UART_Init                 text2        0BA1
_UART_Write                text15       0BEA
_UART_Write_Char           text14       0B7F
__Habs1                    abs1         0000
__Hbank0                   bank0        0000
__Hbank1                   bank1        0000
__Hbank2                   bank2        0000
__Hbank3                   bank3        0000
__HbssBANK0                bssBANK0     0000
__HbssBANK1                bssBANK1     0000
__Hcinit                   cinit        0020
__Hclrtext                 clrtext      0000
__Hcode                    code         0000
__Hcommon                  common       0000
__Hconfig                  config       2009
__HcstackBANK0             cstackBANK0  0000
__HcstackBANK1             cstackBANK1  0000
__HcstackCOMMON            cstackCOMMON 0000
__Heeprom_data             eeprom_data  0000
__Hend_init                end_init     000F
__Hfunctab                 functab      0000
__Hinit                    init         000C
__Hintentry                intentry     000C
__Hmaintext                maintext     0000
__Hpowerup                 powerup      0000
__Hram                     ram          0000
__Hreset_vec               reset_vec    0003
__Hsfr0                    sfr0         0000
__Hsfr1                    sfr1         0000
__Hsfr2                    sfr2         0000
__Hsfr3                    sfr3         0000
__Hspace_0                 (abs)        1000
__Hspace_1                 (abs)        00BE
__Hspace_2                 (abs)        0000
__Hspace_3                 (abs)        0000
__Hspace_4                 (abs)        4010
__Hstack                   stack        0000
__Hstrings                 strings      0000
__Htext                    text         0000
__Labs1                    abs1         0000
__Lbank0                   bank0        0000
__Lbank1                   bank1        0000
__Lbank2                   bank2        0000
__Lbank3                   bank3        0000
__LbssBANK0                bssBANK0     0000
__LbssBANK1                bssBANK1     0000
__Lcinit                   cinit        000F
__Lclrtext                 clrtext      0000
__Lcode                    code         0000
__Lcommon                  common       0000
__Lconfig                  config       0000
__LcstackBANK0             cstackBANK0  0000
__LcstackBANK1             cstackBANK1  0000
__LcstackCOMMON            cstackCOMMON 0000
__Leeprom_data             eeprom_data  0000
__Lend_init                end_init     000C
__Lfunctab                 functab      0000
__Linit                    init         000C
__Lintentry                intentry     0004
__Lmaintext                maintext     0000
__Lpowerup                 powerup      0000
__Lram                     ram          0000
__Lreset_vec               reset_vec    0000
__Lsfr0                    sfr0         0000
__Lsfr1                    sfr1         0000
__Lsfr2                    sfr2         0000
__Lsfr3                    sfr3         0000
__Lspace_0                 (abs)        0000
__Lspace_1                 (abs)        0000
__Lspace_2                 (abs)        0000
__Lspace_3                 (abs)        0000
__Lspace_4                 (abs)        0000
__Lstack                   stack        0000
__Lstrings                 strings      0000
__Ltext                    text         0000
__S0                       (abs)        1000
__S1                       (abs)        00BE
__S2                       (abs)        0000
__S3                       (abs)        0000
__Umul8_16                 text12       0C5F
__Umul8_16@multiplicand    cstackBANK0  0020
__Umul8_16@multiplier      cstackBANK0  0028
__Umul8_16@product         cstackBANK0  0024
__Umul8_16@word_mpld       cstackBANK0  0026
___bmul                    text8        0BB7
___bmul@multiplicand       cstackBANK0  0020
___bmul@multiplier         cstackBANK0  0023
___bmul@product            cstackBANK0  0022
___fldiv                   text13       0E23
___fldiv@a                 cstackBANK0  0048
___fldiv@aexp              cstackBANK0  0061
___fldiv@b                 cstackBANK0  004C
___fldiv@bexp              cstackBANK0  0060
___fldiv@grs               cstackBANK0  005C
___fldiv@new_exp           cstackBANK0  005A
___fldiv@rem               cstackBANK0  0055
___fldiv@sign              cstackBANK0  0059
___flmul                   text11       0020
___flmul@a                 cstackBANK0  0032
___flmul@aexp              cstackBANK0  0040
___flmul@b                 cstackBANK0  002E
___flmul@bexp              cstackBANK0  0041
___flmul@grs               cstackBANK0  003C
___flmul@prod              cstackBANK0  0042
___flmul@sign              cstackBANK0  003B
___flmul@temp              cstackBANK0  0046
___fltol                   text10       0DA7
___fltol@exp1              cstackBANK0  006C
___fltol@f1                cstackBANK0  0062
___fltol@sign1             cstackBANK0  006B
___int_sp                  stack        0000
___latbits                 (abs)        0002
___lwdiv                   text7        0D00
___lwdiv@counter           cstackBANK0  002D
___lwdiv@dividend          cstackBANK0  0028
___lwdiv@divisor           cstackBANK0  0026
___lwdiv@quotient          cstackBANK0  002B
___sp                      stack        0000
___stackhi                 (abs)        0000
___stacklo                 (abs)        0000
___wmul                    text6        0C0F
___wmul@multiplicand       cstackBANK0  0022
___wmul@multiplier         cstackBANK0  0020
___wmul@product            cstackBANK0  0024
___xxtofl                  text9        0716
___xxtofl@arg              cstackBANK0  002A
___xxtofl@exp              cstackBANK0  0029
___xxtofl@sign             cstackBANK0  0028
___xxtofl@val              cstackBANK0  0020
__end_of_Lcd_Cmd           text4        0BA1
__end_of_Lcd_Init          text3        0DA7
__end_of_Lcd_Write_Char    text17       0BEA
__end_of_Lcd_Write_String  text16       0C5F
__end_of_UART_Init         text2        0BB7
__end_of_UART_Write        text15       0C0F
__end_of_UART_Write_Char   text14       0B8B
__end_of__Umul8_16         text12       0C88
__end_of___bmul            text8        0BCE
__end_of___fldiv           text13       1000
__end_of___flmul           text11       0381
__end_of___fltol           text10       0E23
__end_of___lwdiv           text7        0D46
__end_of___wmul            text6        0C36
__end_of___xxtofl          text9        07D2
__end_of__initialization   cinit        001C
__end_of__stringtab        strings      0806
__end_of_divide            text5        0716
__end_of_isr               text18       0D00
__end_of_main              maintext     0649
__end_of_readAnalog        text19       07FD
__end_of_setup             text1        0CBF
__initialization           cinit        000F
__pbssBANK0                bssBANK0     006E
__pbssBANK1                bssBANK1     00A0
__pcstackBANK0             cstackBANK0  0020
__pcstackBANK1             cstackBANK1  00B8
__pcstackCOMMON            cstackCOMMON 0070
__pintentry                intentry     0004
__pmaintext                maintext     0381
__pstrings                 strings      0800
__ptext1                   text1        0C88
__ptext10                  text10       0DA7
__ptext11                  text11       0020
__ptext12                  text12       0C5F
__ptext13                  text13       0E23
__ptext14                  text14       0B7F
__ptext15                  text15       0BEA
__ptext16                  text16       0C36
__ptext17                  text17       0BCE
__ptext18                  text18       0CBF
__ptext19                  text19       07D2
__ptext2                   text2        0BA1
__ptext3                   text3        0D46
__ptext4                   text4        0B8B
__ptext5                   text5        0649
__ptext6                   text6        0C0F
__ptext7                   text7        0D00
__ptext8                   text8        0BB7
__ptext9                   text9        0716
__size_of_Lcd_Cmd          (abs)        0000
__size_of_Lcd_Init         (abs)        0000
__size_of_Lcd_Write_Char   (abs)        0000
__size_of_Lcd_Write_String (abs)        0000
__size_of_UART_Init        (abs)        0000
__size_of_UART_Write       (abs)        0000
__size_of_UART_Write_Char  (abs)        0000
__size_of__Umul8_16        (abs)        0000
__size_of___bmul           (abs)        0000
__size_of___fldiv          (abs)        0000
__size_of___flmul          (abs)        0000
__size_of___fltol          (abs)        0000
__size_of___lwdiv          (abs)        0000
__size_of___wmul           (abs)        0000
__size_of___xxtofl         (abs)        0000
__size_of_divide           (abs)        0000
__size_of_isr              (abs)        0000
__size_of_main             (abs)        0000
__size_of_readAnalog       (abs)        0000
__size_of_setup            (abs)        0000
__stringbase               strings      0805
__stringtab                strings      0800
_c1                        bssBANK0     006E
_c2                        bssBANK1     00B4
_cc                        bssBANK1     00B0
_counter                   bssBANK1     00A9
_counter_compare           bssBANK1     00A8
_d1                        bssBANK1     00B7
_d2                        bssBANK1     00B3
_dc                        bssBANK1     00AF
_divide                    text5        0649
_isr                       text18       0CBF
_m1                        bssBANK0     006F
_m2                        bssBANK1     00B5
_main                      maintext     0381
_mc                        bssBANK1     00B1
_readAnalog                text19       07D2
_read_an1                  bssBANK1     00AC
_read_an2                  bssBANK1     00AA
_setup                     text1        0C88
_u1                        bssBANK1     00B6
_u2                        bssBANK1     00B2
_uc                        bssBANK1     00AE
_v1                        bssBANK1     00A6
_v1_compare                bssBANK1     00A4
_v2                        bssBANK1     00A2
_v2_compare                bssBANK1     00A0
btemp                      (abs)        007E
clear_ram0                 clrtext      0B77
divide@cent                cstackBANK0  0031
divide@dec                 cstackBANK0  0032
divide@mil                 cstackBANK0  0030
divide@unit                cstackBANK0  0033
divide@value               cstackBANK0  002E
end_of_initialization      cinit        001C
interrupt_function         intentry     0004
intlevel0                  functab      0000
intlevel1                  functab      0000
intlevel2                  functab      0000
intlevel3                  functab      0000
intlevel4                  functab      0000
intlevel5                  functab      0000
main@i                     cstackBANK0  006D
readAnalog@a               cstackCOMMON 0075
readAnalog@b               cstackCOMMON 0077
readAnalog@result          cstackCOMMON 0079
reset_vec                  reset_vec    0000
saved_w                    (abs)        007E
start                      init         000C
start_initialization       cinit        000F
wtemp0                     (abs)        007E


MODULE INFORMATION

Module		Function		Class		Link	Load	Size
C:\Program Files\Microchip\xc8\v2.32\pic\sources\c90\common\Umul8.c
		___bmul        		CODE           	0BB7	0000	23

C:\Program Files\Microchip\xc8\v2.32\pic\sources\c90\common\Umul8.c estimated size: 23

C:\Program Files\Microchip\xc8\v2.32\pic\sources\c90\common\xxtofl.c
		___xxtofl      		CODE           	0716	0000	188

C:\Program Files\Microchip\xc8\v2.32\pic\sources\c90\common\xxtofl.c estimated size: 188

C:\Program Files\Microchip\xc8\v2.32\pic\sources\c90\common\Umul8_16.c
		__Umul8_16     		CODE           	0C5F	0000	41

C:\Program Files\Microchip\xc8\v2.32\pic\sources\c90\common\Umul8_16.c estimated size: 41

Digital2_toolbox.c
		_readAnalog    		CODE           	07D2	0000	43
		_Lcd_Write_String		CODE           	0C36	0000	41
		_Lcd_Init      		CODE           	0D46	0000	97
		_Lcd_Write_Char		CODE           	0BCE	0000	28
		_UART_Init     		CODE           	0BA1	0000	22
		_Lcd_Cmd       		CODE           	0B8B	0000	22
		_UART_Write_Char		CODE           	0B7F	0000	12
		_UART_Write    		CODE           	0BEA	0000	37

Digital2_toolbox.c estimated size: 302

shared
		__stringtab    		STRING         	0800	0000	6
		__initialization		CODE           	000F	0000	13

shared estimated size: 19

C:\Program Files\Microchip\xc8\v2.32\pic\sources\c90\common\sprcmul.c
		___flmul       		CODE           	0020	0000	865

C:\Program Files\Microchip\xc8\v2.32\pic\sources\c90\common\sprcmul.c estimated size: 865

C:\Program Files\Microchip\xc8\v2.32\pic\sources\c90\common\sprcdiv.c
		___fldiv       		CODE           	0E23	0000	477

C:\Program Files\Microchip\xc8\v2.32\pic\sources\c90\common\sprcdiv.c estimated size: 477

C:\Program Files\Microchip\xc8\v2.32\pic\sources\c90\common\lwdiv.c
		___lwdiv       		CODE           	0D00	0000	70

C:\Program Files\Microchip\xc8\v2.32\pic\sources\c90\common\lwdiv.c estimated size: 70

C:\Program Files\Microchip\xc8\v2.32\pic\sources\c90\common\Umul16.c
		___wmul        		CODE           	0C0F	0000	39

C:\Program Files\Microchip\xc8\v2.32\pic\sources\c90\common\Umul16.c estimated size: 39

main.c
		_main          		CODE           	0381	0000	712
		_divide        		CODE           	0649	0000	205
		_isr           		CODE           	0CBF	0000	65
		_setup         		CODE           	0C88	0000	55

main.c estimated size: 1037

C:\Program Files\Microchip\xc8\v2.32\pic\sources\c90\common\fltol.c
		___fltol       		CODE           	0DA7	0000	124

C:\Program Files\Microchip\xc8\v2.32\pic\sources\c90\common\fltol.c estimated size: 124

