Microchip MPLAB XC8 Compiler V2.32

Linker command line:

-W-3 --edf=C:\Program Files\Microchip\xc8\v2.32\pic\dat\en_msgs.txt -cn \
  -h+dist/default/production\Lab04_I2C_Slave1.X.production.sym \
  --cmf=dist/default/production\Lab04_I2C_Slave1.X.production.cmf -z \
  -Q16F887 -oC:\Users\stefa\AppData\Local\Temp\xcAscr8.4 \
  --defsym=__MPLAB_BUILD=1 \
  -Mdist/default/production/Lab04_I2C_Slave1.X.production.map -E1 \
  -ver=XC8 Compiler --acfsm=1493 -ASTACK=0110h-016Fh -pstack=STACK \
  -ACODE=00h-07FFhx4 -ASTRCODE=00h-01FFFh -ASTRING=00h-0FFhx32 \
  -ACONST=00h-0FFhx32 -AENTRY=00h-0FFhx32 -ACOMMON=070h-07Fh \
  -ABANK0=020h-06Fh -ABANK1=0A0h-0EFh -ABANK2=0110h-016Fh \
  -ABANK3=0190h-01EFh -ARAM=020h-06Fh,0A0h-0EFh,0110h-016Fh,0190h-01EFh \
  -AABS1=020h-07Fh,0A0h-0EFh,0110h-016Fh,0190h-01EFh -ASFR0=00h-01Fh \
  -ASFR1=080h-09Fh -ASFR2=0100h-010Fh -ASFR3=0180h-018Fh \
  -ACONFIG=02007h-02008h -DCONFIG=2 -AIDLOC=02000h-02003h -DIDLOC=2 \
  -AEEDATA=00h-0FFh/02100h -peeprom_data=EEDATA -DEEDATA=2 -DCODE=2 \
  -DSTRCODE=2 -DSTRING=2 -DCONST=2 -DENTRY=2 \
  -preset_vec=00h,intentry=04h,init,end_init -ppowerup=CODE -pcinit=CODE \
  -pfunctab=ENTRY -k C:\Users\stefa\AppData\Local\Temp\xcAscr8.o \
  dist/default/production\Lab04_I2C_Slave1.X.production.o 

Object code version is 3.11

Machine type is 16F887



                Name                               Link     Load   Length Selector   Space Scale
C:\Users\stefa\AppData\Local\Temp\xcAscr8.o
                end_init                              C        C        3        8       0
                reset_vec                             0        0        3        0       0
                config                             2007     2007        2        0       4
dist/default/production\Lab04_I2C_Slave1.X.production.o
                cinit                                 F        F        7        8       0
                intentry                              4        4        8        8       0
                config                             2007     2007        2        0       4
                text9                               7EA      7EA        8        8       0
                text8                               70D      70D       70        8       0
                text7                               377      377      1DD        8       0
                text6                               7A7      7A7       29        8       0
                text5                                16       16      361        8       0
                text4                               691      691       7C        8       0
                text3                               554      554       BC        8       0
                text2                               7D0      7D0       1A        8       0
                text1                               77D      77D       2A        8       0
                maintext                            610      610       81        8       0
                cstackBANK0                          20       20       4D       20       1
                cstackCOMMON                         70       70        6       70       1
                cstackBANK1                          A0       A0        4       A0       1
                bssCOMMON                            76       76        3       70       1

TOTAL           Name                               Link     Load   Length     Space
        CLASS   STACK          

        CLASS   CODE           
                end_init                              C        C        3         0
                cinit                                 F        F        7         0
                intentry                              4        4        8         0
                reset_vec                             0        0        3         0
                text9                               7EA      7EA        8         0
                text8                               70D      70D       70         0
                text7                               377      377      1DD         0
                text6                               7A7      7A7       29         0
                text5                                16       16      361         0
                text4                               691      691       7C         0
                text3                               554      554       BC         0
                text2                               7D0      7D0       1A         0
                text1                               77D      77D       2A         0
                maintext                            610      610       81         0

        CLASS   STRCODE        

        CLASS   STRING         

        CLASS   CONST          

        CLASS   ENTRY          

        CLASS   COMMON         
                cstackCOMMON                         70       70        6         1
                bssCOMMON                            76       76        3         1

        CLASS   BANK0          
                cstackBANK0                          20       20       4D         1

        CLASS   BANK1          
                cstackBANK1                          A0       A0        4         1

        CLASS   BANK2          

        CLASS   BANK3          

        CLASS   RAM            

        CLASS   ABS1           
                abs_s1                               7E       7E        2         1

        CLASS   SFR0           

        CLASS   SFR1           

        CLASS   SFR2           

        CLASS   SFR3           

        CLASS   CONFIG         
                config                             2007     2007        2         4

        CLASS   IDLOC          

        CLASS   EEDATA         



SEGMENTS        Name                           Load    Length   Top    Selector   Space  Class     Delta

                reset_vec                      000000  000003  000003         0       0  CODE        2
                intentry                       000004  0007EE  0007F2         8       0  CODE        2
                cstackBANK0                    000020  00004D  00006D        20       1  BANK0       1
                cstackCOMMON                   000070  000009  000079        70       1  COMMON      1
                cstackBANK1                    0000A0  000004  0000A4        A0       1  BANK1       1


UNUSED ADDRESS RANGES

        Name                Unused          Largest block    Delta
        BANK0            006D-006F              3           1
        BANK1            00A4-00EF             4C           1
        BANK2            0110-016F             60           1
        BANK3            0190-01EF             60           1
        CODE             0003-0003              1           2
                         07F2-1FFF            800
        COMMON           0079-007D              5           1
        CONST            0003-0003              1           2
                         07F2-1FFF            100
        EEDATA           2100-21FF            100           2
        ENTRY            0003-0003              1           2
                         07F2-1FFF            100
        IDLOC            2000-2003              4           2
        RAM              006D-006F              3           1
                         00A4-00EF             4C
                         0110-016F             60
                         0190-01EF             60
        SFR0             0000-001F             20           1
        SFR1             0080-009F             20           1
        SFR2             0100-010F             10           1
        SFR3             0180-018F             10           1
        STACK            0110-016F             60           1
        STRCODE          0003-0003              1           2
                         07F2-1FFF           180E
        STRING           0003-0003              1           2
                         07F2-1FFF            100

                                  Symbol Table

?__Umul8_16              cstackBANK0  0020
?___fldiv                cstackBANK0  0048
?___flmul                cstackBANK0  002E
?___fltol                cstackBANK0  0062
?___xxtofl               cstackBANK0  0020
EightBitAnalog@a         cstackCOMMON 0071
I2C_Slave_Init@address   cstackCOMMON 0075
_ADCON0bits              (abs)        001F
_ADIE                    (abs)        0466
_ADIF                    (abs)        0066
_ADON                    (abs)        00F8
_ADRESH                  (abs)        001E
_ADRESL                  (abs)        009E
_ANSEL                   (abs)        0188
_ANSELH                  (abs)        0189
_BF                      (abs)        04A0
_BRG16                   (abs)        0C3B
_EightBitAnalog          text9        07EA
_GIE                     (abs)        005F
_GO                      (abs)        00F9
_I2C_Slave_Init          text2        07D0
_PEIE                    (abs)        005E
_PIR1bits                (abs)        000C
_PORTA                   (abs)        0005
_PORTB                   (abs)        0006
_PORTC                   (abs)        0007
_PORTD                   (abs)        0008
_PORTE                   (abs)        0009
_RCSTAbits               (abs)        0018
_RE0                     (abs)        0048
_RE1                     (abs)        0049
_SPBRG                   (abs)        0099
_SPBRGH                  (abs)        009A
_SSPADD                  (abs)        0093
_SSPBUF                  (abs)        0013
_SSPCON                  (abs)        0014
_SSPCON2                 (abs)        0091
_SSPCON2bits             (abs)        0091
_SSPCONbits              (abs)        0014
_SSPIE                   (abs)        0463
_SSPIF                   (abs)        0063
_SSPSTAT                 (abs)        0094
_SSPSTATbits             (abs)        0094
_TRISA                   (abs)        0085
_TRISB                   (abs)        0086
_TRISC                   (abs)        0087
_TRISC3                  (abs)        043B
_TRISC4                  (abs)        043C
_TRISC5                  (abs)        043D
_TRISCbits               (abs)        0087
_TRISD                   (abs)        0088
_TRISE                   (abs)        0089
_TXREG                   (abs)        0019
_TXSTAbits               (abs)        0098
__Habs1                  abs1         0000
__Hbank0                 bank0        0000
__Hbank1                 bank1        0000
__Hbank2                 bank2        0000
__Hbank3                 bank3        0000
__HbssCOMMON             bssCOMMON    0000
__Hcinit                 cinit        0016
__Hclrtext               clrtext      0000
__Hcode                  code         0000
__Hcommon                common       0000
__Hconfig                config       2009
__HcstackBANK0           cstackBANK0  0000
__HcstackBANK1           cstackBANK1  0000
__HcstackCOMMON          cstackCOMMON 0000
__Heeprom_data           eeprom_data  0000
__Hend_init              end_init     000F
__Hfunctab               functab      0000
__Hinit                  init         000C
__Hintentry              intentry     000C
__Hmaintext              maintext     0000
__Hpowerup               powerup      0000
__Hram                   ram          0000
__Hreset_vec             reset_vec    0003
__Hsfr0                  sfr0         0000
__Hsfr1                  sfr1         0000
__Hsfr2                  sfr2         0000
__Hsfr3                  sfr3         0000
__Hspace_0               (abs)        07F2
__Hspace_1               (abs)        00A4
__Hspace_2               (abs)        0000
__Hspace_3               (abs)        0000
__Hspace_4               (abs)        4010
__Hstack                 stack        0000
__Hstrings               strings      0000
__Htext                  text         0000
__Labs1                  abs1         0000
__Lbank0                 bank0        0000
__Lbank1                 bank1        0000
__Lbank2                 bank2        0000
__Lbank3                 bank3        0000
__LbssCOMMON             bssCOMMON    0000
__Lcinit                 cinit        000F
__Lclrtext               clrtext      0000
__Lcode                  code         0000
__Lcommon                common       0000
__Lconfig                config       0000
__LcstackBANK0           cstackBANK0  0000
__LcstackBANK1           cstackBANK1  0000
__LcstackCOMMON          cstackCOMMON 0000
__Leeprom_data           eeprom_data  0000
__Lend_init              end_init     000C
__Lfunctab               functab      0000
__Linit                  init         000C
__Lintentry              intentry     0004
__Lmaintext              maintext     0000
__Lpowerup               powerup      0000
__Lram                   ram          0000
__Lreset_vec             reset_vec    0000
__Lsfr0                  sfr0         0000
__Lsfr1                  sfr1         0000
__Lsfr2                  sfr2         0000
__Lsfr3                  sfr3         0000
__Lspace_0               (abs)        0000
__Lspace_1               (abs)        0000
__Lspace_2               (abs)        0000
__Lspace_3               (abs)        0000
__Lspace_4               (abs)        0000
__Lstack                 stack        0000
__Lstrings               strings      0000
__Ltext                  text         0000
__S0                     (abs)        07F2
__S1                     (abs)        00A4
__S2                     (abs)        0000
__S3                     (abs)        0000
__Umul8_16               text6        07A7
__Umul8_16@multiplicand  cstackBANK0  0020
__Umul8_16@multiplier    cstackBANK0  0028
__Umul8_16@product       cstackBANK0  0024
__Umul8_16@word_mpld     cstackBANK0  0026
___fldiv                 text7        0377
___fldiv@a               cstackBANK0  0048
___fldiv@aexp            cstackBANK0  0061
___fldiv@b               cstackBANK0  004C
___fldiv@bexp            cstackBANK0  0060
___fldiv@grs             cstackBANK0  005C
___fldiv@new_exp         cstackBANK0  005A
___fldiv@rem             cstackBANK0  0055
___fldiv@sign            cstackBANK0  0059
___flmul                 text5        0016
___flmul@a               cstackBANK0  0032
___flmul@aexp            cstackBANK0  003C
___flmul@b               cstackBANK0  002E
___flmul@bexp            cstackBANK0  0041
___flmul@grs             cstackBANK0  003D
___flmul@prod            cstackBANK0  0042
___flmul@sign            cstackBANK0  003B
___flmul@temp            cstackBANK0  0046
___fltol                 text4        0691
___fltol@exp1            cstackBANK0  006C
___fltol@f1              cstackBANK0  0062
___fltol@sign1           cstackBANK0  006B
___int_sp                stack        0000
___latbits               (abs)        0002
___sp                    stack        0000
___stackhi               (abs)        0000
___stacklo               (abs)        0000
___xxtofl                text3        0554
___xxtofl@arg            cstackBANK0  002A
___xxtofl@exp            cstackBANK0  0029
___xxtofl@sign           cstackBANK0  0028
___xxtofl@val            cstackBANK0  0020
__end_of_EightBitAnalog  text9        07F2
__end_of_I2C_Slave_Init  text2        07EA
__end_of__Umul8_16       text6        07D0
__end_of___fldiv         text7        0554
__end_of___flmul         text5        0377
__end_of___fltol         text4        070D
__end_of___xxtofl        text3        0610
__end_of__initialization cinit        0012
__end_of_isr             text8        077D
__end_of_main            maintext     0691
__end_of_setup           text1        07A7
__initialization         cinit        000F
__pbssCOMMON             bssCOMMON    0076
__pcstackBANK0           cstackBANK0  0020
__pcstackBANK1           cstackBANK1  00A0
__pcstackCOMMON          cstackCOMMON 0070
__pintentry              intentry     0004
__pmaintext              maintext     0610
__ptext1                 text1        077D
__ptext2                 text2        07D0
__ptext3                 text3        0554
__ptext4                 text4        0691
__ptext5                 text5        0016
__ptext6                 text6        07A7
__ptext7                 text7        0377
__ptext8                 text8        070D
__ptext9                 text9        07EA
__size_of_EightBitAnalog (abs)        0000
__size_of_I2C_Slave_Init (abs)        0000
__size_of__Umul8_16      (abs)        0000
__size_of___fldiv        (abs)        0000
__size_of___flmul        (abs)        0000
__size_of___fltol        (abs)        0000
__size_of___xxtofl       (abs)        0000
__size_of_isr            (abs)        0000
__size_of_main           (abs)        0000
__size_of_setup          (abs)        0000
_analog0                 bssCOMMON    0078
_analog0temp             bssCOMMON    0077
_isr                     text8        070D
_main                    maintext     0610
_setup                   text1        077D
_z                       bssCOMMON    0076
btemp                    (abs)        007E
end_of_initialization    cinit        0012
interrupt_function       intentry     0004
intlevel0                functab      0000
intlevel1                functab      0000
intlevel2                functab      0000
intlevel3                functab      0000
intlevel4                functab      0000
intlevel5                functab      0000
reset_vec                reset_vec    0000
saved_w                  (abs)        007E
start                    init         000C
start_initialization     cinit        000F
wtemp0                   (abs)        007E


MODULE INFORMATION

Module		Function		Class		Link	Load	Size
C:\Program Files\Microchip\xc8\v2.32\pic\sources\c90\common\xxtofl.c
		___xxtofl      		CODE           	0554	0000	188

C:\Program Files\Microchip\xc8\v2.32\pic\sources\c90\common\xxtofl.c estimated size: 188

C:\Program Files\Microchip\xc8\v2.32\pic\sources\c90\common\Umul8_16.c
		__Umul8_16     		CODE           	07A7	0000	41

C:\Program Files\Microchip\xc8\v2.32\pic\sources\c90\common\Umul8_16.c estimated size: 41

Digital2_toolbox.c
		_I2C_Slave_Init		CODE           	07D0	0000	26
		_EightBitAnalog		CODE           	07EA	0000	8

Digital2_toolbox.c estimated size: 34

shared
		__initialization		CODE           	000F	0000	3

shared estimated size: 3

C:\Program Files\Microchip\xc8\v2.32\pic\sources\c90\common\sprcmul.c
		___flmul       		CODE           	0016	0000	865

C:\Program Files\Microchip\xc8\v2.32\pic\sources\c90\common\sprcmul.c estimated size: 865

C:\Program Files\Microchip\xc8\v2.32\pic\sources\c90\common\sprcdiv.c
		___fldiv       		CODE           	0377	0000	477

C:\Program Files\Microchip\xc8\v2.32\pic\sources\c90\common\sprcdiv.c estimated size: 477

main.c
		_main          		CODE           	0610	0000	129
		_isr           		CODE           	070D	0000	112
		_setup         		CODE           	077D	0000	42

main.c estimated size: 283

C:\Program Files\Microchip\xc8\v2.32\pic\sources\c90\common\fltol.c
		___fltol       		CODE           	0691	0000	124

C:\Program Files\Microchip\xc8\v2.32\pic\sources\c90\common\fltol.c estimated size: 124

