Microchip MPLAB XC8 Compiler V2.32

Linker command line:

-W-3 --edf=C:\Program Files\Microchip\xc8\v2.32\pic\dat\en_msgs.txt -cn \
  -h+dist/default/production\Lab03_SPI_UART_Master.X.production.sym \
  --cmf=dist/default/production\Lab03_SPI_UART_Master.X.production.cmf -z \
  -Q16F887 -oC:\Users\stefa\AppData\Local\Temp\xcAsi24.4 \
  --defsym=__MPLAB_BUILD=1 \
  -Mdist/default/production/Lab03_SPI_UART_Master.X.production.map -E1 \
  -ver=XC8 Compiler --acfsm=1493 -ASTACK=0110h-016Fh -pstack=STACK \
  -ACODE=00h-07FFhx4 -ASTRCODE=00h-01FFFh -ASTRING=00h-0FFhx32 \
  -ACONST=00h-0FFhx32 -AENTRY=00h-0FFhx32 -ACOMMON=070h-07Fh \
  -ABANK0=020h-06Fh -ABANK1=0A0h-0EFh -ABANK2=0110h-016Fh \
  -ABANK3=0190h-01EFh -ARAM=020h-06Fh,0A0h-0EFh,0110h-016Fh,0190h-01EFh \
  -AABS1=020h-07Fh,0A0h-0EFh,0110h-016Fh,0190h-01EFh -ASFR0=00h-01Fh \
  -ASFR1=080h-09Fh -ASFR2=0100h-010Fh -ASFR3=0180h-018Fh \
  -ACONFIG=02007h-02008h -DCONFIG=2 -AIDLOC=02000h-02003h -DIDLOC=2 \
  -AEEDATA=00h-0FFh/02100h -peeprom_data=EEDATA -DEEDATA=2 -DCODE=2 \
  -DSTRCODE=2 -DSTRING=2 -DCONST=2 -DENTRY=2 \
  -preset_vec=00h,intentry=04h,init,end_init -ppowerup=CODE -pcinit=CODE \
  -pfunctab=ENTRY -k C:\Users\stefa\AppData\Local\Temp\xcAsi24.o \
  dist/default/production\Lab03_SPI_UART_Master.X.production.o 

Object code version is 3.11

Machine type is 16F887



                Name                               Link     Load   Length Selector   Space Scale
C:\Users\stefa\AppData\Local\Temp\xcAsi24.o
                end_init                              C        C        3        8       0
                reset_vec                             0        0        3        0       0
                config                             2007     2007        2        0       4
dist/default/production\Lab03_SPI_UART_Master.X.production.o
                cinit                                 F        F        B        8       0
                intentry                              4        4        8        8       0
                config                             2007     2007        2        0       4
                text18                              D88      D88        7     1B10       0
                text17                              DED      DED       23     1BDA       0
                text16                              D9F      D9F        C     1B3E       0
                text15                              37B      37B      1DD        8       0
                text14                              E5B      E5B       27     1CB6       0
                text13                               1A       1A      361        8       0
                text12                              EC8      EC8       7C     1D90       0
                text11                              F44      F44       BC     1E88       0
                text10                              DAB      DAB       15     1B56       0
                text9                               E82      E82       46     1D04       0
                text8                               E10      E10       25     1C20       0
                text7                               730      730       CD        8       0
                text6                               DD6      DD6       17     1BAC       0
                text5                               DC0      DC0       16     1B80       0
                text4                               E35      E35       26     1C6A       0
                text3                               D8F      D8F        7     1B1E       0
                text2                               D96      D96        9     1B2C       0
                text1                               D82      D82        6     1B04       0
                maintext                            558      558      1D8        8       0
                cstackBANK0                          20       20       49       20       1
                cstackCOMMON                         70       70        C       70       1
                cstackBANK1                          A0       A0        C       A0       1
                bssBANK1                             AC       AC        5       A0       1
                strings                             800      800        F     1000       0

TOTAL           Name                               Link     Load   Length     Space
        CLASS   STACK          

        CLASS   CODE           
                end_init                              C        C        3         0
                cinit                                 F        F        B         0
                intentry                              4        4        8         0
                reset_vec                             0        0        3         0
                text18                              D88      D88        7         0
                text17                              DED      DED       23         0
                text16                              D9F      D9F        C         0
                text15                              37B      37B      1DD         0
                text14                              E5B      E5B       27         0
                text13                               1A       1A      361         0
                text12                              EC8      EC8       7C         0
                text11                              F44      F44       BC         0
                text10                              DAB      DAB       15         0
                text9                               E82      E82       46         0
                text8                               E10      E10       25         0
                text7                               730      730       CD         0
                text6                               DD6      DD6       17         0
                text5                               DC0      DC0       16         0
                text4                               E35      E35       26         0
                text3                               D8F      D8F        7         0
                text2                               D96      D96        9         0
                text1                               D82      D82        6         0
                maintext                            558      558      1D8         0

        CLASS   STRCODE        

        CLASS   STRING         
                strings                             800      800        F         0

        CLASS   CONST          

        CLASS   ENTRY          

        CLASS   COMMON         
                cstackCOMMON                         70       70        C         1

        CLASS   BANK0          
                cstackBANK0                          20       20       49         1

        CLASS   BANK1          
                cstackBANK1                          A0       A0        C         1
                bssBANK1                             AC       AC        5         1

        CLASS   BANK2          

        CLASS   BANK3          

        CLASS   RAM            

        CLASS   ABS1           
                abs_s1                               7E       7E        2         1

        CLASS   SFR0           

        CLASS   SFR1           

        CLASS   SFR2           

        CLASS   SFR3           

        CLASS   CONFIG         
                config                             2007     2007        2         4

        CLASS   IDLOC          

        CLASS   EEDATA         



SEGMENTS        Name                           Load    Length   Top    Selector   Space  Class     Delta

                reset_vec                      000000  000003  000003         0       0  CODE        2
                intentry                       000004  0007F9  0007FD         8       0  CODE        2
                cstackBANK0                    000020  000049  000069        20       1  BANK0       1
                cstackCOMMON                   000070  00000C  00007C        70       1  COMMON      1
                cstackBANK1                    0000A0  000011  0000B1        A0       1  BANK1       1
                strings                        000800  00000F  00080F      1000       0  STRING      2
                text1                          000D82  000006  000D88      1B04       0  CODE        2
                text18                         000D88  000007  000D8F      1B10       0  CODE        2
                text3                          000D8F  000007  000D96      1B1E       0  CODE        2
                text2                          000D96  000009  000D9F      1B2C       0  CODE        2
                text16                         000D9F  00000C  000DAB      1B3E       0  CODE        2
                text10                         000DAB  000015  000DC0      1B56       0  CODE        2
                text5                          000DC0  000016  000DD6      1B80       0  CODE        2
                text6                          000DD6  000017  000DED      1BAC       0  CODE        2
                text17                         000DED  000023  000E10      1BDA       0  CODE        2
                text8                          000E10  000025  000E35      1C20       0  CODE        2
                text4                          000E35  000026  000E5B      1C6A       0  CODE        2
                text14                         000E5B  000027  000E82      1CB6       0  CODE        2
                text9                          000E82  000046  000EC8      1D04       0  CODE        2
                text12                         000EC8  00007C  000F44      1D90       0  CODE        2
                text11                         000F44  0000BC  001000      1E88       0  CODE        2


UNUSED ADDRESS RANGES

        Name                Unused          Largest block    Delta
        BANK0            0069-006F              7           1
        BANK1            00B1-00EF             3F           1
        BANK2            0110-016F             60           1
        BANK3            0190-01EF             60           1
        CODE             0003-0003              1           2
                         07FD-07FF              3
                         080F-0D81            573
                         1000-1FFF            800
        COMMON           007C-007D              2           1
        CONST            0003-0003              1           2
                         07FD-07FF              3
                         080F-0D81            100
                         1000-1FFF            100
        EEDATA           2100-21FF            100           2
        ENTRY            0003-0003              1           2
                         07FD-07FF              3
                         080F-0D81            100
                         1000-1FFF            100
        IDLOC            2000-2003              4           2
        RAM              0069-006F              7           1
                         00B1-00EF             3F
                         0110-016F             60
                         0190-01EF             60
        SFR0             0000-001F             20           1
        SFR1             0080-009F             20           1
        SFR2             0100-010F             10           1
        SFR3             0180-018F             10           1
        STACK            0110-016F             60           1
        STRCODE          0003-0003              1           2
                         07FD-07FF              3
                         080F-0D81            573
                         1000-1FFF           1000
        STRING           0003-0003              1           2
                         07FD-07FF              3
                         080F-0D81            100
                         1000-1FFF            100

                                  Symbol Table

?__Umul8_16               cstackCOMMON 0072
?___fldiv                 cstackBANK0  0040
?___flmul                 cstackBANK0  0026
?___fltol                 cstackBANK0  005A
?___lwdiv                 cstackCOMMON 0078
?___wmul                  cstackCOMMON 0072
?___xxtofl                cstackCOMMON 0072
UART_Write@word           cstackCOMMON 0073
UART_Write_Char@character cstackCOMMON 0072
_ADIE                     (abs)        0466
_ADRESH                   (abs)        001E
_ADRESL                   (abs)        009E
_ANSEL                    (abs)        0188
_ANSELH                   (abs)        0189
_BRG16                    (abs)        0C3B
_GIE                      (abs)        005F
_PEIE                     (abs)        005E
_PORTA                    (abs)        0005
_PORTB                    (abs)        0006
_PORTC                    (abs)        0007
_PORTD                    (abs)        0008
_PORTE                    (abs)        0009
_RCIF                     (abs)        0065
_RCREG                    (abs)        001A
_RCSTAbits                (abs)        0018
_RE0                      (abs)        0048
_RE1                      (abs)        0049
_SPBRG                    (abs)        0099
_SPBRGH                   (abs)        009A
_SSPBUF                   (abs)        0013
_SSPCON                   (abs)        0014
_SSPSTAT                  (abs)        0094
_SSPSTATbits              (abs)        0094
_TRISA                    (abs)        0085
_TRISB                    (abs)        0086
_TRISC                    (abs)        0087
_TRISC3                   (abs)        043B
_TRISC5                   (abs)        043D
_TRISCbits                (abs)        0087
_TRISD                    (abs)        0088
_TRISE                    (abs)        0089
_TXREG                    (abs)        0019
_TXSTAbits                (abs)        0098
_UART_Init                text6        0DD6
_UART_Write               text17       0DED
_UART_Write_Char          text16       0D9F
__Habs1                   abs1         0000
__Hbank0                  bank0        0000
__Hbank1                  bank1        0000
__Hbank2                  bank2        0000
__Hbank3                  bank3        0000
__HbssBANK1               bssBANK1     0000
__Hcinit                  cinit        001A
__Hclrtext                clrtext      0000
__Hcode                   code         0000
__Hcommon                 common       0000
__Hconfig                 config       2009
__HcstackBANK0            cstackBANK0  0000
__HcstackBANK1            cstackBANK1  0000
__HcstackCOMMON           cstackCOMMON 0000
__Heeprom_data            eeprom_data  0000
__Hend_init               end_init     000F
__Hfunctab                functab      0000
__Hinit                   init         000C
__Hintentry               intentry     000C
__Hmaintext               maintext     0000
__Hpowerup                powerup      0000
__Hram                    ram          0000
__Hreset_vec              reset_vec    0003
__Hsfr0                   sfr0         0000
__Hsfr1                   sfr1         0000
__Hsfr2                   sfr2         0000
__Hsfr3                   sfr3         0000
__Hspace_0                (abs)        1000
__Hspace_1                (abs)        00B1
__Hspace_2                (abs)        0000
__Hspace_3                (abs)        0000
__Hspace_4                (abs)        4010
__Hstack                  stack        0000
__Hstrings                strings      0000
__Htext                   text         0000
__Labs1                   abs1         0000
__Lbank0                  bank0        0000
__Lbank1                  bank1        0000
__Lbank2                  bank2        0000
__Lbank3                  bank3        0000
__LbssBANK1               bssBANK1     0000
__Lcinit                  cinit        000F
__Lclrtext                clrtext      0000
__Lcode                   code         0000
__Lcommon                 common       0000
__Lconfig                 config       0000
__LcstackBANK0            cstackBANK0  0000
__LcstackBANK1            cstackBANK1  0000
__LcstackCOMMON           cstackCOMMON 0000
__Leeprom_data            eeprom_data  0000
__Lend_init               end_init     000C
__Lfunctab                functab      0000
__Linit                   init         000C
__Lintentry               intentry     0004
__Lmaintext               maintext     0000
__Lpowerup                powerup      0000
__Lram                    ram          0000
__Lreset_vec              reset_vec    0000
__Lsfr0                   sfr0         0000
__Lsfr1                   sfr1         0000
__Lsfr2                   sfr2         0000
__Lsfr3                   sfr3         0000
__Lspace_0                (abs)        0000
__Lspace_1                (abs)        0000
__Lspace_2                (abs)        0000
__Lspace_3                (abs)        0000
__Lspace_4                (abs)        0000
__Lstack                  stack        0000
__Lstrings                strings      0000
__Ltext                   text         0000
__S0                      (abs)        1000
__S1                      (abs)        00B1
__S2                      (abs)        0000
__S3                      (abs)        0000
__Umul8_16                text14       0E5B
__Umul8_16@multiplicand   cstackCOMMON 0072
__Umul8_16@multiplier     cstackCOMMON 007A
__Umul8_16@product        cstackCOMMON 0076
__Umul8_16@word_mpld      cstackCOMMON 0078
___bmul                   text10       0DAB
___bmul@multiplicand      cstackCOMMON 0072
___bmul@multiplier        cstackCOMMON 0075
___bmul@product           cstackCOMMON 0074
___fldiv                  text15       037B
___fldiv@a                cstackBANK0  0040
___fldiv@aexp             cstackBANK0  0059
___fldiv@b                cstackBANK0  0044
___fldiv@bexp             cstackBANK0  0058
___fldiv@grs              cstackBANK0  0054
___fldiv@new_exp          cstackBANK0  0052
___fldiv@rem              cstackBANK0  004D
___fldiv@sign             cstackBANK0  0051
___flmul                  text13       001A
___flmul@a                cstackBANK0  002A
___flmul@aexp             cstackBANK0  0038
___flmul@b                cstackBANK0  0026
___flmul@bexp             cstackBANK0  0039
___flmul@grs              cstackBANK0  0034
___flmul@prod             cstackBANK0  003A
___flmul@sign             cstackBANK0  0033
___flmul@temp             cstackBANK0  003E
___fltol                  text12       0EC8
___fltol@exp1             cstackBANK0  0064
___fltol@f1               cstackBANK0  005A
___fltol@sign1            cstackBANK0  0063
___int_sp                 stack        0000
___latbits                (abs)        0002
___lwdiv                  text9        0E82
___lwdiv@counter          cstackBANK0  0023
___lwdiv@dividend         cstackCOMMON 007A
___lwdiv@divisor          cstackCOMMON 0078
___lwdiv@quotient         cstackBANK0  0021
___sp                     stack        0000
___stackhi                (abs)        0000
___stacklo                (abs)        0000
___wmul                   text8        0E10
___wmul@multiplicand      cstackCOMMON 0074
___wmul@multiplier        cstackCOMMON 0072
___wmul@product           cstackCOMMON 0076
___xxtofl                 text11       0F44
___xxtofl@arg             cstackBANK0  0022
___xxtofl@exp             cstackBANK0  0021
___xxtofl@sign            cstackBANK0  0020
___xxtofl@val             cstackCOMMON 0072
__end_of_UART_Init        text6        0DED
__end_of_UART_Write       text17       0E10
__end_of_UART_Write_Char  text16       0DAB
__end_of__Umul8_16        text14       0E82
__end_of___bmul           text10       0DC0
__end_of___fldiv          text15       0558
__end_of___flmul          text13       037B
__end_of___fltol          text12       0F44
__end_of___lwdiv          text9        0EC8
__end_of___wmul           text8        0E35
__end_of___xxtofl         text11       1000
__end_of__initialization  cinit        0016
__end_of__stringtab       strings      0806
__end_of_divide           text7        07FD
__end_of_isr              text18       0D8F
__end_of_main             maintext     0730
__end_of_setup            text4        0E5B
__end_of_spiInit          text5        0DD6
__end_of_spiRead          text2        0D9F
__end_of_spiReceiveWait   text3        0D96
__end_of_spiWrite         text1        0D88
__initialization          cinit        000F
__pbssBANK1               bssBANK1     00AC
__pcstackBANK0            cstackBANK0  0020
__pcstackBANK1            cstackBANK1  00A0
__pcstackCOMMON           cstackCOMMON 0070
__pintentry               intentry     0004
__pmaintext               maintext     0558
__pstrings                strings      0800
__ptext1                  text1        0D82
__ptext10                 text10       0DAB
__ptext11                 text11       0F44
__ptext12                 text12       0EC8
__ptext13                 text13       001A
__ptext14                 text14       0E5B
__ptext15                 text15       037B
__ptext16                 text16       0D9F
__ptext17                 text17       0DED
__ptext18                 text18       0D88
__ptext2                  text2        0D96
__ptext3                  text3        0D8F
__ptext4                  text4        0E35
__ptext5                  text5        0DC0
__ptext6                  text6        0DD6
__ptext7                  text7        0730
__ptext8                  text8        0E10
__ptext9                  text9        0E82
__size_of_UART_Init       (abs)        0000
__size_of_UART_Write      (abs)        0000
__size_of_UART_Write_Char (abs)        0000
__size_of__Umul8_16       (abs)        0000
__size_of___bmul          (abs)        0000
__size_of___fldiv         (abs)        0000
__size_of___flmul         (abs)        0000
__size_of___fltol         (abs)        0000
__size_of___lwdiv         (abs)        0000
__size_of___wmul          (abs)        0000
__size_of___xxtofl        (abs)        0000
__size_of_divide          (abs)        0000
__size_of_isr             (abs)        0000
__size_of_main            (abs)        0000
__size_of_setup           (abs)        0000
__size_of_spiInit         (abs)        0000
__size_of_spiRead         (abs)        0000
__size_of_spiReceiveWait  (abs)        0000
__size_of_spiWrite        (abs)        0000
__stringbase              strings      0805
__stringtab               strings      0800
_analog0                  bssBANK1     00B0
_analog0temp              bssBANK1     00AE
_analog1                  bssBANK1     00AF
_analog1temp              bssBANK1     00AD
_counter                  bssBANK1     00AC
_divide                   text7        0730
_isr                      text18       0D88
_main                     maintext     0558
_setup                    text4        0E35
_spiInit                  text5        0DC0
_spiRead                  text2        0D96
_spiReceiveWait           text3        0D8F
_spiWrite                 text1        0D82
btemp                     (abs)        007E
divide@cent               cstackBANK0  0027
divide@dec                cstackBANK0  0028
divide@mil                cstackBANK0  0026
divide@unit               cstackBANK0  0029
divide@value              cstackBANK0  0024
end_of_initialization     cinit        0016
interrupt_function        intentry     0004
intlevel0                 functab      0000
intlevel1                 functab      0000
intlevel2                 functab      0000
intlevel3                 functab      0000
intlevel4                 functab      0000
intlevel5                 functab      0000
main@c0                   cstackBANK1  00A9
main@c1                   cstackBANK1  00A8
main@d0                   cstackBANK1  00A7
main@d1                   cstackBANK1  00A6
main@m0                   cstackBANK1  00AB
main@m1                   cstackBANK1  00AA
main@u0                   cstackBANK1  00A5
main@u1                   cstackBANK1  00A4
main@v0                   cstackBANK1  00A2
main@v1                   cstackBANK1  00A0
reset_vec                 reset_vec    0000
saved_w                   (abs)        007E
spiInit@sClockIdle        cstackCOMMON 0073
spiInit@sDataSample       cstackCOMMON 0072
spiInit@sTransmitEdge     cstackCOMMON 0074
spiInit@sType             cstackCOMMON 0075
spiWrite@dat              cstackCOMMON 0072
start                     init         000C
start_initialization      cinit        000F
wtemp0                    (abs)        007E


MODULE INFORMATION

Module		Function		Class		Link	Load	Size
C:\Program Files\Microchip\xc8\v2.32\pic\sources\c90\common\Umul8.c
		___bmul        		CODE           	0DAB	0000	21

C:\Program Files\Microchip\xc8\v2.32\pic\sources\c90\common\Umul8.c estimated size: 21

C:\Program Files\Microchip\xc8\v2.32\pic\sources\c90\common\xxtofl.c
		___xxtofl      		CODE           	0F44	0000	188

C:\Program Files\Microchip\xc8\v2.32\pic\sources\c90\common\xxtofl.c estimated size: 188

C:\Program Files\Microchip\xc8\v2.32\pic\sources\c90\common\Umul8_16.c
		__Umul8_16     		CODE           	0E5B	0000	39

C:\Program Files\Microchip\xc8\v2.32\pic\sources\c90\common\Umul8_16.c estimated size: 39

Digital2_toolbox.c
		_spiWrite      		CODE           	0D82	0000	6
		_UART_Init     		CODE           	0DD6	0000	23
		_spiInit       		CODE           	0DC0	0000	22
		_UART_Write_Char		CODE           	0D9F	0000	12
		_divide        		CODE           	0730	0000	205
		_spiReceiveWait		CODE           	0D8F	0000	7
		_spiRead       		CODE           	0D96	0000	9
		_UART_Write    		CODE           	0DED	0000	35

Digital2_toolbox.c estimated size: 319

Main.c
		_main          		CODE           	0558	0000	472
		_isr           		CODE           	0D88	0000	7
		_setup         		CODE           	0E35	0000	38

Main.c estimated size: 517

shared
		__stringtab    		STRING         	0800	0000	6
		__initialization		CODE           	000F	0000	7

shared estimated size: 13

C:\Program Files\Microchip\xc8\v2.32\pic\sources\c90\common\sprcmul.c
		___flmul       		CODE           	001A	0000	865

C:\Program Files\Microchip\xc8\v2.32\pic\sources\c90\common\sprcmul.c estimated size: 865

C:\Program Files\Microchip\xc8\v2.32\pic\sources\c90\common\sprcdiv.c
		___fldiv       		CODE           	037B	0000	477

C:\Program Files\Microchip\xc8\v2.32\pic\sources\c90\common\sprcdiv.c estimated size: 477

C:\Program Files\Microchip\xc8\v2.32\pic\sources\c90\common\lwdiv.c
		___lwdiv       		CODE           	0E82	0000	70

C:\Program Files\Microchip\xc8\v2.32\pic\sources\c90\common\lwdiv.c estimated size: 70

C:\Program Files\Microchip\xc8\v2.32\pic\sources\c90\common\Umul16.c
		___wmul        		CODE           	0E10	0000	37

C:\Program Files\Microchip\xc8\v2.32\pic\sources\c90\common\Umul16.c estimated size: 37

C:\Program Files\Microchip\xc8\v2.32\pic\sources\c90\common\fltol.c
		___fltol       		CODE           	0EC8	0000	124

C:\Program Files\Microchip\xc8\v2.32\pic\sources\c90\common\fltol.c estimated size: 124

