Microchip MPLAB XC8 Compiler V2.32

Linker command line:

-W-3 --edf=C:\Program Files\Microchip\xc8\v2.32\pic\dat\en_msgs.txt -cn \
  -h+dist/default/production\Lab04_I2C_Master.X.production.sym \
  --cmf=dist/default/production\Lab04_I2C_Master.X.production.cmf -z \
  -Q16F887 -oC:\Users\stefa\AppData\Local\Temp\xcAsauk.4 \
  --defsym=__MPLAB_BUILD=1 \
  -Mdist/default/production/Lab04_I2C_Master.X.production.map -E1 \
  -ver=XC8 Compiler --acfsm=1493 -ASTACK=0110h-016Fh -pstack=STACK \
  -ACODE=00h-07FFhx4 -ASTRCODE=00h-01FFFh -ASTRING=00h-0FFhx32 \
  -ACONST=00h-0FFhx32 -AENTRY=00h-0FFhx32 -ACOMMON=070h-07Fh \
  -ABANK0=020h-06Fh -ABANK1=0A0h-0EFh -ABANK2=0110h-016Fh \
  -ABANK3=0190h-01EFh -ARAM=020h-06Fh,0A0h-0EFh,0110h-016Fh,0190h-01EFh \
  -AABS1=020h-07Fh,0A0h-0EFh,0110h-016Fh,0190h-01EFh -ASFR0=00h-01Fh \
  -ASFR1=080h-09Fh -ASFR2=0100h-010Fh -ASFR3=0180h-018Fh \
  -ACONFIG=02007h-02008h -DCONFIG=2 -AIDLOC=02000h-02003h -DIDLOC=2 \
  -AEEDATA=00h-0FFh/02100h -peeprom_data=EEDATA -DEEDATA=2 -DCODE=2 \
  -DSTRCODE=2 -DSTRING=2 -DCONST=2 -DENTRY=2 \
  -preset_vec=00h,intentry=04h,init,end_init -ppowerup=CODE -pcinit=CODE \
  -pfunctab=ENTRY -k C:\Users\stefa\AppData\Local\Temp\xcAsauk.o \
  dist/default/production\Lab04_I2C_Master.X.production.o 

Object code version is 3.11

Machine type is 16F887



                Name                               Link     Load   Length Selector   Space Scale
C:\Users\stefa\AppData\Local\Temp\xcAsauk.o
                end_init                              C        C        3        8       0
                reset_vec                             0        0        3        0       0
                config                             2007     2007        2        0       4
dist/default/production\Lab04_I2C_Master.X.production.o
                cinit                                 F        F        E        8       0
                intentry                              4        4        8        8       0
                config                             2007     2007        2        0       4
                text17                              4F6      4F6        7      918       0
                text16                              4CD      4CD        D      918       0
                text15                              3CD      3CD       2E        8       0
                text14                              4ED      4ED        9      918       0
                text13                              4E4      4E4        9      918       0
                text12                              4DA      4DA        A      918       0
                text11                              48C      48C       18      918       0
                text10                              44B      44B       25        8       0
                text9                               4A4      4A4       15      918       0
                text8                               34F      34F       46        8       0
                text7                               426      426       25        8       0
                text6                               1C2      1C2       CD        8       0
                text5                               28F      28F       68        8       0
                text4                               395      395       38        8       0
                text3                               4B9      4B9       14      918       0
                text2                               2F7      2F7       58        8       0
                text1                               3FB      3FB       2B        8       0
                maintext                             1D       1D      1A5        8       0
                cstackBANK0                          20       20       25       20       1
                cstackCOMMON                         70       70        C       70       1
                bssBANK0                             45       45        8       20       1
                strings                             470      470       1C      8E0       0

TOTAL           Name                               Link     Load   Length     Space
        CLASS   STACK          

        CLASS   CODE           
                end_init                              C        C        3         0
                cinit                                 F        F        E         0
                intentry                              4        4        8         0
                reset_vec                             0        0        3         0
                text17                              4F6      4F6        7         0
                text16                              4CD      4CD        D         0
                text15                              3CD      3CD       2E         0
                text14                              4ED      4ED        9         0
                text13                              4E4      4E4        9         0
                text12                              4DA      4DA        A         0
                text11                              48C      48C       18         0
                text10                              44B      44B       25         0
                text9                               4A4      4A4       15         0
                text8                               34F      34F       46         0
                text7                               426      426       25         0
                text6                               1C2      1C2       CD         0
                text5                               28F      28F       68         0
                text4                               395      395       38         0
                text3                               4B9      4B9       14         0
                text2                               2F7      2F7       58         0
                text1                               3FB      3FB       2B         0
                maintext                             1D       1D      1A5         0

        CLASS   STRCODE        

        CLASS   STRING         
                strings                             470      470       1C         0

        CLASS   CONST          

        CLASS   ENTRY          

        CLASS   COMMON         
                cstackCOMMON                         70       70        C         1

        CLASS   BANK0          
                cstackBANK0                          20       20       25         1
                bssBANK0                             45       45        8         1

        CLASS   BANK1          

        CLASS   BANK2          

        CLASS   BANK3          

        CLASS   RAM            

        CLASS   ABS1           
                abs_s1                               7E       7E        2         1

        CLASS   SFR0           

        CLASS   SFR1           

        CLASS   SFR2           

        CLASS   SFR3           

        CLASS   CONFIG         
                config                             2007     2007        2         4

        CLASS   IDLOC          

        CLASS   EEDATA         



SEGMENTS        Name                           Load    Length   Top    Selector   Space  Class     Delta

                reset_vec                      000000  000003  000003         0       0  CODE        2
                intentry                       000004  00046C  000470         8       0  CODE        2
                cstackBANK0                    000020  00002D  00004D        20       1  BANK0       1
                cstackCOMMON                   000070  00000C  00007C        70       1  COMMON      1
                strings                        000470  00001C  00048C       8E0       0  STRING      2
                text11                         00048C  000071  0004FD       918       0  CODE        2


UNUSED ADDRESS RANGES

        Name                Unused          Largest block    Delta
        BANK0            004D-006F             23           1
        BANK1            00A0-00EF             50           1
        BANK2            0110-016F             60           1
        BANK3            0190-01EF             60           1
        CODE             0003-0003              1           2
                         04FD-1FFF            800
        COMMON           007C-007D              2           1
        CONST            0003-0003              1           2
                         04FD-1FFF            100
        EEDATA           2100-21FF            100           2
        ENTRY            0003-0003              1           2
                         04FD-1FFF            100
        IDLOC            2000-2003              4           2
        RAM              004D-006F             23           1
                         00A0-00EF             50
                         0110-016F             60
                         0190-01EF             60
        SFR0             0000-001F             20           1
        SFR1             0080-009F             20           1
        SFR2             0100-010F             10           1
        SFR3             0180-018F             10           1
        STACK            0110-016F             60           1
        STRCODE          0003-0003              1           2
                         04FD-1FFF           1B03
        STRING           0003-0003              1           2
                         04FD-1FFF            100

                                  Symbol Table

?_I2C_Master_Read          cstackCOMMON 0072
?___lldiv                  cstackCOMMON 0072
?___lwdiv                  cstackCOMMON 0078
?___wmul                   cstackCOMMON 0072
I2C_Master_Init@c          cstackBANK0  0025
I2C_Master_Read@a          cstackCOMMON 0072
I2C_Master_Read@temp       cstackCOMMON 0076
I2C_Master_Write@d         cstackCOMMON 0072
Lcd_Cmd@a                  cstackCOMMON 0074
Lcd_Write_Char@a           cstackCOMMON 0074
Lcd_Write_String@a         cstackCOMMON 0077
Lcd_Write_String@i         cstackCOMMON 0075
_ADIE                      (abs)        0466
_ADRESH                    (abs)        001E
_ADRESL                    (abs)        009E
_ANSEL                     (abs)        0188
_ANSELH                    (abs)        0189
_BRG16                     (abs)        0C3B
_GIE                       (abs)        005F
_I2C_Master_Init           text4        0395
_I2C_Master_Read           text15       03CD
_I2C_Master_Start          text14       04ED
_I2C_Master_Stop           text13       04E4
_I2C_Master_Wait           text16       04CD
_I2C_Master_Write          text12       04DA
_Lcd_Cmd                   text3        04B9
_Lcd_Init                  text2        02F7
_Lcd_Write_Char            text11       048C
_Lcd_Write_String          text10       044B
_PEIE                      (abs)        005E
_PORTA                     (abs)        0005
_PORTB                     (abs)        0006
_PORTC                     (abs)        0007
_PORTD                     (abs)        0008
_PORTE                     (abs)        0009
_RCSTAbits                 (abs)        0018
_RE0                       (abs)        0048
_RE1                       (abs)        0049
_SPBRG                     (abs)        0099
_SPBRGH                    (abs)        009A
_SSPADD                    (abs)        0093
_SSPBUF                    (abs)        0013
_SSPCON                    (abs)        0014
_SSPCON2                   (abs)        0091
_SSPCON2bits               (abs)        0091
_SSPIE                     (abs)        0463
_SSPIF                     (abs)        0063
_SSPSTAT                   (abs)        0094
_SSPSTATbits               (abs)        0094
_TRISA                     (abs)        0085
_TRISB                     (abs)        0086
_TRISC                     (abs)        0087
_TRISC3                    (abs)        043B
_TRISC4                    (abs)        043C
_TRISC5                    (abs)        043D
_TRISCbits                 (abs)        0087
_TRISD                     (abs)        0088
_TRISE                     (abs)        0089
_TXREG                     (abs)        0019
_TXSTAbits                 (abs)        0098
__Habs1                    abs1         0000
__Hbank0                   bank0        0000
__Hbank1                   bank1        0000
__Hbank2                   bank2        0000
__Hbank3                   bank3        0000
__HbssBANK0                bssBANK0     0000
__Hcinit                   cinit        001D
__Hclrtext                 clrtext      0000
__Hcode                    code         0000
__Hcommon                  common       0000
__Hconfig                  config       2009
__HcstackBANK0             cstackBANK0  0000
__HcstackCOMMON            cstackCOMMON 0000
__Heeprom_data             eeprom_data  0000
__Hend_init                end_init     000F
__Hfunctab                 functab      0000
__Hinit                    init         000C
__Hintentry                intentry     000C
__Hmaintext                maintext     0000
__Hpowerup                 powerup      0000
__Hram                     ram          0000
__Hreset_vec               reset_vec    0003
__Hsfr0                    sfr0         0000
__Hsfr1                    sfr1         0000
__Hsfr2                    sfr2         0000
__Hsfr3                    sfr3         0000
__Hspace_0                 (abs)        04FD
__Hspace_1                 (abs)        007C
__Hspace_2                 (abs)        0000
__Hspace_3                 (abs)        0000
__Hspace_4                 (abs)        4010
__Hstack                   stack        0000
__Hstrings                 strings      0000
__Htext                    text         0000
__Labs1                    abs1         0000
__Lbank0                   bank0        0000
__Lbank1                   bank1        0000
__Lbank2                   bank2        0000
__Lbank3                   bank3        0000
__LbssBANK0                bssBANK0     0000
__Lcinit                   cinit        000F
__Lclrtext                 clrtext      0000
__Lcode                    code         0000
__Lcommon                  common       0000
__Lconfig                  config       0000
__LcstackBANK0             cstackBANK0  0000
__LcstackCOMMON            cstackCOMMON 0000
__Leeprom_data             eeprom_data  0000
__Lend_init                end_init     000C
__Lfunctab                 functab      0000
__Linit                    init         000C
__Lintentry                intentry     0004
__Lmaintext                maintext     0000
__Lpowerup                 powerup      0000
__Lram                     ram          0000
__Lreset_vec               reset_vec    0000
__Lsfr0                    sfr0         0000
__Lsfr1                    sfr1         0000
__Lsfr2                    sfr2         0000
__Lsfr3                    sfr3         0000
__Lspace_0                 (abs)        0000
__Lspace_1                 (abs)        0000
__Lspace_2                 (abs)        0000
__Lspace_3                 (abs)        0000
__Lspace_4                 (abs)        0000
__Lstack                   stack        0000
__Lstrings                 strings      0000
__Ltext                    text         0000
__S0                       (abs)        04FD
__S1                       (abs)        007C
__S2                       (abs)        0000
__S3                       (abs)        0000
___bmul                    text9        04A4
___bmul@multiplicand       cstackCOMMON 0072
___bmul@multiplier         cstackCOMMON 0075
___bmul@product            cstackCOMMON 0074
___int_sp                  stack        0000
___latbits                 (abs)        0002
___lldiv                   text5        028F
___lldiv@counter           cstackBANK0  0024
___lldiv@dividend          cstackCOMMON 0076
___lldiv@divisor           cstackCOMMON 0072
___lldiv@quotient          cstackBANK0  0020
___lwdiv                   text8        034F
___lwdiv@counter           cstackBANK0  0023
___lwdiv@dividend          cstackCOMMON 007A
___lwdiv@divisor           cstackCOMMON 0078
___lwdiv@quotient          cstackBANK0  0021
___sp                      stack        0000
___stackhi                 (abs)        0000
___stacklo                 (abs)        0000
___wmul                    text7        0426
___wmul@multiplicand       cstackCOMMON 0074
___wmul@multiplier         cstackCOMMON 0072
___wmul@product            cstackCOMMON 0076
__end_of_I2C_Master_Init   text4        03CD
__end_of_I2C_Master_Read   text15       03FB
__end_of_I2C_Master_Start  text14       04F6
__end_of_I2C_Master_Stop   text13       04ED
__end_of_I2C_Master_Wait   text16       04DA
__end_of_I2C_Master_Write  text12       04E4
__end_of_Lcd_Cmd           text3        04CD
__end_of_Lcd_Init          text2        034F
__end_of_Lcd_Write_Char    text11       04A4
__end_of_Lcd_Write_String  text10       0470
__end_of___bmul            text9        04B9
__end_of___lldiv           text5        02F7
__end_of___lwdiv           text8        0395
__end_of___wmul            text7        044B
__end_of__initialization   cinit        0019
__end_of__stringtab        strings      0476
__end_of_divide            text6        028F
__end_of_isr               text17       04FD
__end_of_main              maintext     01C2
__end_of_setup             text1        0426
__initialization           cinit        000F
__pbssBANK0                bssBANK0     0045
__pcstackBANK0             cstackBANK0  0020
__pcstackCOMMON            cstackCOMMON 0070
__pintentry                intentry     0004
__pmaintext                maintext     001D
__pstrings                 strings      0470
__ptext1                   text1        03FB
__ptext10                  text10       044B
__ptext11                  text11       048C
__ptext12                  text12       04DA
__ptext13                  text13       04E4
__ptext14                  text14       04ED
__ptext15                  text15       03CD
__ptext16                  text16       04CD
__ptext17                  text17       04F6
__ptext2                   text2        02F7
__ptext3                   text3        04B9
__ptext4                   text4        0395
__ptext5                   text5        028F
__ptext6                   text6        01C2
__ptext7                   text7        0426
__ptext8                   text8        034F
__ptext9                   text9        04A4
__size_of_I2C_Master_Init  (abs)        0000
__size_of_I2C_Master_Read  (abs)        0000
__size_of_I2C_Master_Start (abs)        0000
__size_of_I2C_Master_Stop  (abs)        0000
__size_of_I2C_Master_Wait  (abs)        0000
__size_of_I2C_Master_Write (abs)        0000
__size_of_Lcd_Cmd          (abs)        0000
__size_of_Lcd_Init         (abs)        0000
__size_of_Lcd_Write_Char   (abs)        0000
__size_of_Lcd_Write_String (abs)        0000
__size_of___bmul           (abs)        0000
__size_of___lldiv          (abs)        0000
__size_of___lwdiv          (abs)        0000
__size_of___wmul           (abs)        0000
__size_of_divide           (abs)        0000
__size_of_isr              (abs)        0000
__size_of_main             (abs)        0000
__size_of_setup            (abs)        0000
__stringbase               strings      0475
__stringtab                strings      0470
_analog0                   bssBANK0     0047
_analog0_temp              bssBANK0     0045
_counter                   bssBANK0     004C
_counter_temp              bssBANK0     004B
_divide                    text6        01C2
_isr                       text17       04F6
_main                      maintext     001D
_setup                     text1        03FB
_temperature_sensor        bssBANK0     004A
_temperature_sensor_temp   bssBANK0     0049
btemp                      (abs)        007E
divide@cent                cstackBANK0  0027
divide@dec                 cstackBANK0  0028
divide@mil                 cstackBANK0  0026
divide@unit                cstackBANK0  0029
divide@value               cstackBANK0  0024
end_of_initialization      cinit        0019
interrupt_function         intentry     0004
intlevel0                  functab      0000
intlevel1                  functab      0000
intlevel2                  functab      0000
intlevel3                  functab      0000
intlevel4                  functab      0000
intlevel5                  functab      0000
main@c0                    cstackBANK0  0043
main@cc                    cstackBANK0  0039
main@ct                    cstackBANK0  0044
main@d0                    cstackBANK0  0040
main@dc                    cstackBANK0  0041
main@dt                    cstackBANK0  0042
main@m0                    cstackBANK0  003A
main@mc                    cstackBANK0  003B
main@mt                    cstackBANK0  003C
main@u0                    cstackBANK0  003D
main@uc                    cstackBANK0  003E
main@ut                    cstackBANK0  003F
reset_vec                  reset_vec    0000
saved_w                    (abs)        007E
start                      init         000C
start_initialization       cinit        000F
wtemp0                     (abs)        007E


MODULE INFORMATION

Module		Function		Class		Link	Load	Size
C:\Program Files\Microchip\xc8\v2.32\pic\sources\c90\common\Umul8.c
		___bmul        		CODE           	04A4	0000	21

C:\Program Files\Microchip\xc8\v2.32\pic\sources\c90\common\Umul8.c estimated size: 21

Digital2_toolbox.c
		_Lcd_Write_String		CODE           	044B	0000	37
		_Lcd_Init      		CODE           	02F7	0000	88
		_Lcd_Write_Char		CODE           	048C	0000	24
		_I2C_Master_Read		CODE           	03CD	0000	46
		_I2C_Master_Wait		CODE           	04CD	0000	13
		_I2C_Master_Init		CODE           	0395	0000	56
		_I2C_Master_Stop		CODE           	04E4	0000	9
		_Lcd_Cmd       		CODE           	04B9	0000	20
		_divide        		CODE           	01C2	0000	205
		_I2C_Master_Write		CODE           	04DA	0000	10
		_I2C_Master_Start		CODE           	04ED	0000	9

Digital2_toolbox.c estimated size: 517

shared
		__stringtab    		STRING         	0470	0000	6
		__initialization		CODE           	000F	0000	10

shared estimated size: 16

C:\Program Files\Microchip\xc8\v2.32\pic\sources\c90\common\lwdiv.c
		___lwdiv       		CODE           	034F	0000	70

C:\Program Files\Microchip\xc8\v2.32\pic\sources\c90\common\lwdiv.c estimated size: 70

C:\Program Files\Microchip\xc8\v2.32\pic\sources\c90\common\Umul16.c
		___wmul        		CODE           	0426	0000	37

C:\Program Files\Microchip\xc8\v2.32\pic\sources\c90\common\Umul16.c estimated size: 37

main.c
		_main          		CODE           	001D	0000	421
		_isr           		CODE           	04F6	0000	7
		_setup         		CODE           	03FB	0000	43

main.c estimated size: 471

C:\Program Files\Microchip\xc8\v2.32\pic\sources\c90\common\__lldiv.c
		___lldiv       		CODE           	028F	0000	104

C:\Program Files\Microchip\xc8\v2.32\pic\sources\c90\common\__lldiv.c estimated size: 104

