Microchip MPLAB XC8 Compiler V2.32

Linker command line:

-W-3 --edf=C:\Program Files\Microchip\xc8\v2.32\pic\dat\en_msgs.txt -cn \
  -h+dist/default/production\Lab04_I2C_Master.X.production.sym \
  --cmf=dist/default/production\Lab04_I2C_Master.X.production.cmf -z \
  -Q16F887 -oC:\Users\stefa\AppData\Local\Temp\xcAsbp0.4 \
  --defsym=__MPLAB_BUILD=1 \
  -Mdist/default/production/Lab04_I2C_Master.X.production.map -E1 \
  -ver=XC8 Compiler --acfsm=1493 -ASTACK=0110h-016Fh -pstack=STACK \
  -ACODE=00h-07FFhx4 -ASTRCODE=00h-01FFFh -ASTRING=00h-0FFhx32 \
  -ACONST=00h-0FFhx32 -AENTRY=00h-0FFhx32 -ACOMMON=070h-07Fh \
  -ABANK0=020h-06Fh -ABANK1=0A0h-0EFh -ABANK2=0110h-016Fh \
  -ABANK3=0190h-01EFh -ARAM=020h-06Fh,0A0h-0EFh,0110h-016Fh,0190h-01EFh \
  -AABS1=020h-07Fh,0A0h-0EFh,0110h-016Fh,0190h-01EFh -ASFR0=00h-01Fh \
  -ASFR1=080h-09Fh -ASFR2=0100h-010Fh -ASFR3=0180h-018Fh \
  -ACONFIG=02007h-02008h -DCONFIG=2 -AIDLOC=02000h-02003h -DIDLOC=2 \
  -AEEDATA=00h-0FFh/02100h -peeprom_data=EEDATA -DEEDATA=2 -DCODE=2 \
  -DSTRCODE=2 -DSTRING=2 -DCONST=2 -DENTRY=2 \
  -preset_vec=00h,intentry=04h,init,end_init -ppowerup=CODE -pcinit=CODE \
  -pfunctab=ENTRY -k C:\Users\stefa\AppData\Local\Temp\xcAsbp0.o \
  dist/default/production\Lab04_I2C_Master.X.production.o 

Object code version is 3.11

Machine type is 16F887



                Name                               Link     Load   Length Selector   Space Scale
C:\Users\stefa\AppData\Local\Temp\xcAsbp0.o
                end_init                              C        C        3        8       0
                reset_vec                             0        0        3        0       0
                config                             2007     2007        2        0       4
dist/default/production\Lab04_I2C_Master.X.production.o
                cinit                                 F        F        7        8       0
                intentry                              4        4        8        8       0
                config                             2007     2007        2        0       4
                text13                              279      279        7      448       0
                text12                              250      250        D      448       0
                text11                              18E      18E       2E        8       0
                text10                              270      270        9      448       0
                text9                               267      267        9      448       0
                text8                               25D      25D        A      448       0
                text7                               224      224       18      448       0
                text6                               1E7      1E7       25        8       0
                text5                                96       96       68        8       0
                text4                               156      156       38        8       0
                text3                               23C      23C       14      448       0
                text2                                FE       FE       58        8       0
                text1                               1BC      1BC       2B        8       0
                maintext                             16       16       80        8       0
                cstackBANK0                          20       20       10       20       1
                cstackCOMMON                         70       70        B       70       1
                bssBANK0                             30       30        1       20       1
                strings                             20C      20C       18      418       0

TOTAL           Name                               Link     Load   Length     Space
        CLASS   STACK          

        CLASS   CODE           
                end_init                              C        C        3         0
                cinit                                 F        F        7         0
                intentry                              4        4        8         0
                reset_vec                             0        0        3         0
                text13                              279      279        7         0
                text12                              250      250        D         0
                text11                              18E      18E       2E         0
                text10                              270      270        9         0
                text9                               267      267        9         0
                text8                               25D      25D        A         0
                text7                               224      224       18         0
                text6                               1E7      1E7       25         0
                text5                                96       96       68         0
                text4                               156      156       38         0
                text3                               23C      23C       14         0
                text2                                FE       FE       58         0
                text1                               1BC      1BC       2B         0
                maintext                             16       16       80         0

        CLASS   STRCODE        

        CLASS   STRING         
                strings                             20C      20C       18         0

        CLASS   CONST          

        CLASS   ENTRY          

        CLASS   COMMON         
                cstackCOMMON                         70       70        B         1

        CLASS   BANK0          
                cstackBANK0                          20       20       10         1
                bssBANK0                             30       30        1         1

        CLASS   BANK1          

        CLASS   BANK2          

        CLASS   BANK3          

        CLASS   RAM            

        CLASS   ABS1           
                abs_s1                               7E       7E        2         1

        CLASS   SFR0           

        CLASS   SFR1           

        CLASS   SFR2           

        CLASS   SFR3           

        CLASS   CONFIG         
                config                             2007     2007        2         4

        CLASS   IDLOC          

        CLASS   EEDATA         



SEGMENTS        Name                           Load    Length   Top    Selector   Space  Class     Delta

                reset_vec                      000000  000003  000003         0       0  CODE        2
                intentry                       000004  000208  00020C         8       0  CODE        2
                cstackBANK0                    000020  000011  000031        20       1  BANK0       1
                cstackCOMMON                   000070  00000B  00007B        70       1  COMMON      1
                strings                        00020C  000018  000224       418       0  STRING      2
                text7                          000224  00005C  000280       448       0  CODE        2


UNUSED ADDRESS RANGES

        Name                Unused          Largest block    Delta
        BANK0            0031-006F             3F           1
        BANK1            00A0-00EF             50           1
        BANK2            0110-016F             60           1
        BANK3            0190-01EF             60           1
        CODE             0003-0003              1           2
                         0280-1FFF            800
        COMMON           007B-007D              3           1
        CONST            0003-0003              1           2
                         0280-1FFF            100
        EEDATA           2100-21FF            100           2
        ENTRY            0003-0003              1           2
                         0280-1FFF            100
        IDLOC            2000-2003              4           2
        RAM              0031-006F             3F           1
                         00A0-00EF             50
                         0110-016F             60
                         0190-01EF             60
        SFR0             0000-001F             20           1
        SFR1             0080-009F             20           1
        SFR2             0100-010F             10           1
        SFR3             0180-018F             10           1
        STACK            0110-016F             60           1
        STRCODE          0003-0003              1           2
                         0280-1FFF           1D80
        STRING           0003-0003              1           2
                         0280-1FFF            100

                                  Symbol Table

?_I2C_Master_Read          cstackCOMMON 0072
?___lldiv                  cstackCOMMON 0072
I2C_Master_Init@c          cstackBANK0  0025
I2C_Master_Read@a          cstackCOMMON 0072
I2C_Master_Read@temp       cstackCOMMON 0076
I2C_Master_Write@d         cstackCOMMON 0072
Lcd_Cmd@a                  cstackCOMMON 0074
Lcd_Write_Char@a           cstackCOMMON 0074
Lcd_Write_String@a         cstackCOMMON 0077
Lcd_Write_String@i         cstackCOMMON 0075
_ADIE                      (abs)        0466
_ADRESH                    (abs)        001E
_ADRESL                    (abs)        009E
_ANSEL                     (abs)        0188
_ANSELH                    (abs)        0189
_BRG16                     (abs)        0C3B
_GIE                       (abs)        005F
_I2C_Master_Init           text4        0156
_I2C_Master_Read           text11       018E
_I2C_Master_Start          text10       0270
_I2C_Master_Stop           text9        0267
_I2C_Master_Wait           text12       0250
_I2C_Master_Write          text8        025D
_Lcd_Cmd                   text3        023C
_Lcd_Init                  text2        00FE
_Lcd_Write_Char            text7        0224
_Lcd_Write_String          text6        01E7
_PEIE                      (abs)        005E
_PORTA                     (abs)        0005
_PORTB                     (abs)        0006
_PORTC                     (abs)        0007
_PORTD                     (abs)        0008
_PORTE                     (abs)        0009
_RCSTAbits                 (abs)        0018
_RE0                       (abs)        0048
_RE1                       (abs)        0049
_SPBRG                     (abs)        0099
_SPBRGH                    (abs)        009A
_SSPADD                    (abs)        0093
_SSPBUF                    (abs)        0013
_SSPCON                    (abs)        0014
_SSPCON2                   (abs)        0091
_SSPCON2bits               (abs)        0091
_SSPIE                     (abs)        0463
_SSPIF                     (abs)        0063
_SSPSTAT                   (abs)        0094
_SSPSTATbits               (abs)        0094
_TRISA                     (abs)        0085
_TRISB                     (abs)        0086
_TRISC                     (abs)        0087
_TRISC3                    (abs)        043B
_TRISC4                    (abs)        043C
_TRISC5                    (abs)        043D
_TRISCbits                 (abs)        0087
_TRISD                     (abs)        0088
_TRISE                     (abs)        0089
_TXREG                     (abs)        0019
_TXSTAbits                 (abs)        0098
__Habs1                    abs1         0000
__Hbank0                   bank0        0000
__Hbank1                   bank1        0000
__Hbank2                   bank2        0000
__Hbank3                   bank3        0000
__HbssBANK0                bssBANK0     0000
__Hcinit                   cinit        0016
__Hclrtext                 clrtext      0000
__Hcode                    code         0000
__Hcommon                  common       0000
__Hconfig                  config       2009
__HcstackBANK0             cstackBANK0  0000
__HcstackCOMMON            cstackCOMMON 0000
__Heeprom_data             eeprom_data  0000
__Hend_init                end_init     000F
__Hfunctab                 functab      0000
__Hinit                    init         000C
__Hintentry                intentry     000C
__Hmaintext                maintext     0000
__Hpowerup                 powerup      0000
__Hram                     ram          0000
__Hreset_vec               reset_vec    0003
__Hsfr0                    sfr0         0000
__Hsfr1                    sfr1         0000
__Hsfr2                    sfr2         0000
__Hsfr3                    sfr3         0000
__Hspace_0                 (abs)        0280
__Hspace_1                 (abs)        007B
__Hspace_2                 (abs)        0000
__Hspace_3                 (abs)        0000
__Hspace_4                 (abs)        4010
__Hstack                   stack        0000
__Hstrings                 strings      0000
__Htext                    text         0000
__Labs1                    abs1         0000
__Lbank0                   bank0        0000
__Lbank1                   bank1        0000
__Lbank2                   bank2        0000
__Lbank3                   bank3        0000
__LbssBANK0                bssBANK0     0000
__Lcinit                   cinit        000F
__Lclrtext                 clrtext      0000
__Lcode                    code         0000
__Lcommon                  common       0000
__Lconfig                  config       0000
__LcstackBANK0             cstackBANK0  0000
__LcstackCOMMON            cstackCOMMON 0000
__Leeprom_data             eeprom_data  0000
__Lend_init                end_init     000C
__Lfunctab                 functab      0000
__Linit                    init         000C
__Lintentry                intentry     0004
__Lmaintext                maintext     0000
__Lpowerup                 powerup      0000
__Lram                     ram          0000
__Lreset_vec               reset_vec    0000
__Lsfr0                    sfr0         0000
__Lsfr1                    sfr1         0000
__Lsfr2                    sfr2         0000
__Lsfr3                    sfr3         0000
__Lspace_0                 (abs)        0000
__Lspace_1                 (abs)        0000
__Lspace_2                 (abs)        0000
__Lspace_3                 (abs)        0000
__Lspace_4                 (abs)        0000
__Lstack                   stack        0000
__Lstrings                 strings      0000
__Ltext                    text         0000
__S0                       (abs)        0280
__S1                       (abs)        007B
__S2                       (abs)        0000
__S3                       (abs)        0000
___int_sp                  stack        0000
___latbits                 (abs)        0002
___lldiv                   text5        0096
___lldiv@counter           cstackBANK0  0024
___lldiv@dividend          cstackCOMMON 0076
___lldiv@divisor           cstackCOMMON 0072
___lldiv@quotient          cstackBANK0  0020
___sp                      stack        0000
___stackhi                 (abs)        0000
___stacklo                 (abs)        0000
__end_of_I2C_Master_Init   text4        018E
__end_of_I2C_Master_Read   text11       01BC
__end_of_I2C_Master_Start  text10       0279
__end_of_I2C_Master_Stop   text9        0270
__end_of_I2C_Master_Wait   text12       025D
__end_of_I2C_Master_Write  text8        0267
__end_of_Lcd_Cmd           text3        0250
__end_of_Lcd_Init          text2        0156
__end_of_Lcd_Write_Char    text7        023C
__end_of_Lcd_Write_String  text6        020C
__end_of___lldiv           text5        00FE
__end_of__initialization   cinit        0012
__end_of__stringtab        strings      0212
__end_of_isr               text13       0280
__end_of_main              maintext     0096
__end_of_setup             text1        01E7
__initialization           cinit        000F
__pbssBANK0                bssBANK0     0030
__pcstackBANK0             cstackBANK0  0020
__pcstackCOMMON            cstackCOMMON 0070
__pintentry                intentry     0004
__pmaintext                maintext     0016
__pstrings                 strings      020C
__ptext1                   text1        01BC
__ptext10                  text10       0270
__ptext11                  text11       018E
__ptext12                  text12       0250
__ptext13                  text13       0279
__ptext2                   text2        00FE
__ptext3                   text3        023C
__ptext4                   text4        0156
__ptext5                   text5        0096
__ptext6                   text6        01E7
__ptext7                   text7        0224
__ptext8                   text8        025D
__ptext9                   text9        0267
__size_of_I2C_Master_Init  (abs)        0000
__size_of_I2C_Master_Read  (abs)        0000
__size_of_I2C_Master_Start (abs)        0000
__size_of_I2C_Master_Stop  (abs)        0000
__size_of_I2C_Master_Wait  (abs)        0000
__size_of_I2C_Master_Write (abs)        0000
__size_of_Lcd_Cmd          (abs)        0000
__size_of_Lcd_Init         (abs)        0000
__size_of_Lcd_Write_Char   (abs)        0000
__size_of_Lcd_Write_String (abs)        0000
__size_of___lldiv          (abs)        0000
__size_of_isr              (abs)        0000
__size_of_main             (abs)        0000
__size_of_setup            (abs)        0000
__stringbase               strings      0211
__stringtab                strings      020C
_counter                   bssBANK0     0030
_isr                       text13       0279
_main                      maintext     0016
_setup                     text1        01BC
btemp                      (abs)        007E
end_of_initialization      cinit        0012
interrupt_function         intentry     0004
intlevel0                  functab      0000
intlevel1                  functab      0000
intlevel2                  functab      0000
intlevel3                  functab      0000
intlevel4                  functab      0000
intlevel5                  functab      0000
reset_vec                  reset_vec    0000
saved_w                    (abs)        007E
start                      init         000C
start_initialization       cinit        000F
wtemp0                     (abs)        007E


MODULE INFORMATION

Module		Function		Class		Link	Load	Size
Digital2_toolbox.c
		_Lcd_Write_String		CODE           	01E7	0000	37
		_Lcd_Init      		CODE           	00FE	0000	88
		_Lcd_Write_Char		CODE           	0224	0000	24
		_I2C_Master_Read		CODE           	018E	0000	46
		_I2C_Master_Wait		CODE           	0250	0000	13
		_I2C_Master_Init		CODE           	0156	0000	56
		_I2C_Master_Stop		CODE           	0267	0000	9
		_Lcd_Cmd       		CODE           	023C	0000	20
		_I2C_Master_Write		CODE           	025D	0000	10
		_I2C_Master_Start		CODE           	0270	0000	9

Digital2_toolbox.c estimated size: 312

shared
		__stringtab    		STRING         	020C	0000	6
		__initialization		CODE           	000F	0000	3

shared estimated size: 9

main.c
		_main          		CODE           	0016	0000	128
		_isr           		CODE           	0279	0000	7
		_setup         		CODE           	01BC	0000	43

main.c estimated size: 178

C:\Program Files\Microchip\xc8\v2.32\pic\sources\c90\common\__lldiv.c
		___lldiv       		CODE           	0096	0000	104

C:\Program Files\Microchip\xc8\v2.32\pic\sources\c90\common\__lldiv.c estimated size: 104

