Microchip MPLAB XC8 Compiler V2.32

Linker command line:

-W-3 --edf=C:\Program Files\Microchip\xc8\v2.32\pic\dat\en_msgs.txt -cn \
  -h+dist/default/production\Lab05_Adafruit_IO_UART.X.production.sym \
  --cmf=dist/default/production\Lab05_Adafruit_IO_UART.X.production.cmf -z \
  -Q16F887 -oC:\Users\stefa\AppData\Local\Temp\xcAsbq8.4 \
  --defsym=__MPLAB_BUILD=1 \
  -Mdist/default/production/Lab05_Adafruit_IO_UART.X.production.map -E1 \
  -ver=XC8 Compiler --acfsm=1493 -ASTACK=0110h-016Fh -pstack=STACK \
  -ACODE=00h-07FFhx4 -ASTRCODE=00h-01FFFh -ASTRING=00h-0FFhx32 \
  -ACONST=00h-0FFhx32 -AENTRY=00h-0FFhx32 -ACOMMON=070h-07Fh \
  -ABANK0=020h-06Fh -ABANK1=0A0h-0EFh -ABANK2=0110h-016Fh \
  -ABANK3=0190h-01EFh -ARAM=020h-06Fh,0A0h-0EFh,0110h-016Fh,0190h-01EFh \
  -AABS1=020h-07Fh,0A0h-0EFh,0110h-016Fh,0190h-01EFh -ASFR0=00h-01Fh \
  -ASFR1=080h-09Fh -ASFR2=0100h-010Fh -ASFR3=0180h-018Fh \
  -ACONFIG=02007h-02008h -DCONFIG=2 -AIDLOC=02000h-02003h -DIDLOC=2 \
  -AEEDATA=00h-0FFh/02100h -peeprom_data=EEDATA -DEEDATA=2 -DCODE=2 \
  -DSTRCODE=2 -DSTRING=2 -DCONST=2 -DENTRY=2 \
  -preset_vec=00h,intentry=04h,init,end_init -ppowerup=CODE -pcinit=CODE \
  -pfunctab=ENTRY -k C:\Users\stefa\AppData\Local\Temp\xcAsbq8.o \
  dist/default/production\Lab05_Adafruit_IO_UART.X.production.o 

Object code version is 3.11

Machine type is 16F887



                Name                               Link     Load   Length Selector   Space Scale
C:\Users\stefa\AppData\Local\Temp\xcAsbq8.o
                end_init                              C        C        3        8       0
                reset_vec                             0        0        3        0       0
                config                             2007     2007        2        0       4
dist/default/production\Lab05_Adafruit_IO_UART.X.production.o
                cinit                                 F        F        B        8       0
                intentry                              4        4        8        8       0
                config                             2007     2007        2        0       4
                text9                               1DF      1DF       24        8       0
                text8                               203      203       23        8       0
                text7                               252      252        C        8       0
                text6                               23D      23D       15        8       0
                text5                               14D      14D       46        8       0
                text4                               1BA      1BA       25        8       0
                text3                                1A       1A       CD        8       0
                text2                               226      226       17        8       0
                text1                               193      193       27        8       0
                maintext                             E7       E7       66        8       0
                cstackBANK0                          20       20       1C       20       1
                cstackCOMMON                         70       70        A       70       1
                bssBANK0                             3C       3C        5       20       1
                strings                             25E      25E        8      4BC       0
                nvBANK0                              41       41        1       20       1

TOTAL           Name                               Link     Load   Length     Space
        CLASS   STACK          

        CLASS   CODE           
                end_init                              C        C        3         0
                cinit                                 F        F        B         0
                intentry                              4        4        8         0
                reset_vec                             0        0        3         0
                text9                               1DF      1DF       24         0
                text8                               203      203       23         0
                text7                               252      252        C         0
                text6                               23D      23D       15         0
                text5                               14D      14D       46         0
                text4                               1BA      1BA       25         0
                text3                                1A       1A       CD         0
                text2                               226      226       17         0
                text1                               193      193       27         0
                maintext                             E7       E7       66         0

        CLASS   STRCODE        

        CLASS   STRING         
                strings                             25E      25E        8         0

        CLASS   CONST          

        CLASS   ENTRY          

        CLASS   COMMON         
                cstackCOMMON                         70       70        A         1

        CLASS   BANK0          
                cstackBANK0                          20       20       1C         1
                bssBANK0                             3C       3C        5         1
                nvBANK0                              41       41        1         1

        CLASS   BANK1          

        CLASS   BANK2          

        CLASS   BANK3          

        CLASS   RAM            

        CLASS   ABS1           
                abs_s1                               7E       7E        2         1

        CLASS   SFR0           

        CLASS   SFR1           

        CLASS   SFR2           

        CLASS   SFR3           

        CLASS   CONFIG         
                config                             2007     2007        2         4

        CLASS   IDLOC          

        CLASS   EEDATA         



SEGMENTS        Name                           Load    Length   Top    Selector   Space  Class     Delta

                reset_vec                      000000  000003  000003         0       0  CODE        2
                intentry                       000004  00025A  00025E         8       0  CODE        2
                cstackBANK0                    000020  000022  000042        20       1  BANK0       1
                cstackCOMMON                   000070  00000A  00007A        70       1  COMMON      1
                strings                        00025E  000008  000266       4BC       0  STRING      2


UNUSED ADDRESS RANGES

        Name                Unused          Largest block    Delta
        BANK0            0042-006F             2E           1
        BANK1            00A0-00EF             50           1
        BANK2            0110-016F             60           1
        BANK3            0190-01EF             60           1
        CODE             0003-0003              1           2
                         0266-1FFF            800
        COMMON           007A-007D              4           1
        CONST            0003-0003              1           2
                         0266-1FFF            100
        EEDATA           2100-21FF            100           2
        ENTRY            0003-0003              1           2
                         0266-1FFF            100
        IDLOC            2000-2003              4           2
        RAM              0042-006F             2E           1
                         00A0-00EF             50
                         0110-016F             60
                         0190-01EF             60
        SFR0             0000-001F             20           1
        SFR1             0080-009F             20           1
        SFR2             0100-010F             10           1
        SFR3             0180-018F             10           1
        STACK            0110-016F             60           1
        STRCODE          0003-0003              1           2
                         0266-1FFF           1D9A
        STRING           0003-0003              1           2
                         0266-1FFF            100

                                  Symbol Table

?___lwdiv                 cstackBANK0  0020
?___wmul                  cstackCOMMON 0073
UART_Write@word           cstackCOMMON 0074
UART_Write_Char@character cstackCOMMON 0073
_ADRESH                   (abs)        001E
_ADRESL                   (abs)        009E
_ANSEL                    (abs)        0188
_ANSELH                   (abs)        0189
_BRG16                    (abs)        0C3B
_GIE                      (abs)        005F
_IOCB                     (abs)        0096
_OPTION_REGbits           (abs)        0081
_PEIE                     (abs)        005E
_PORTA                    (abs)        0005
_PORTB                    (abs)        0006
_PORTC                    (abs)        0007
_PORTD                    (abs)        0008
_PORTE                    (abs)        0009
_RB0                      (abs)        0030
_RB1                      (abs)        0031
_RBIE                     (abs)        005B
_RBIF                     (abs)        0058
_RCIF                     (abs)        0065
_RCREG                    (abs)        001A
_RCSTAbits                (abs)        0018
_RE0                      (abs)        0048
_RE1                      (abs)        0049
_SPBRG                    (abs)        0099
_SPBRGH                   (abs)        009A
_SSPADD                   (abs)        0093
_SSPBUF                   (abs)        0013
_SSPCON                   (abs)        0014
_SSPCON2                  (abs)        0091
_SSPCON2bits              (abs)        0091
_SSPIE                    (abs)        0463
_SSPIF                    (abs)        0063
_SSPSTAT                  (abs)        0094
_SSPSTATbits              (abs)        0094
_TRISA                    (abs)        0085
_TRISB                    (abs)        0086
_TRISC                    (abs)        0087
_TRISC3                   (abs)        043B
_TRISC4                   (abs)        043C
_TRISC5                   (abs)        043D
_TRISCbits                (abs)        0087
_TRISD                    (abs)        0088
_TRISE                    (abs)        0089
_TXREG                    (abs)        0019
_TXSTAbits                (abs)        0098
_UART_Init                text2        0226
_UART_Write               text8        0203
_UART_Write_Char          text7        0252
_WPUB                     (abs)        0095
__Habs1                   abs1         0000
__Hbank0                  bank0        0000
__Hbank1                  bank1        0000
__Hbank2                  bank2        0000
__Hbank3                  bank3        0000
__HbssBANK0               bssBANK0     0000
__Hcinit                  cinit        001A
__Hclrtext                clrtext      0000
__Hcode                   code         0000
__Hcommon                 common       0000
__Hconfig                 config       2009
__HcstackBANK0            cstackBANK0  0000
__HcstackCOMMON           cstackCOMMON 0000
__Heeprom_data            eeprom_data  0000
__Hend_init               end_init     000F
__Hfunctab                functab      0000
__Hinit                   init         000C
__Hintentry               intentry     000C
__Hmaintext               maintext     0000
__HnvBANK0                nvBANK0      0000
__Hpowerup                powerup      0000
__Hram                    ram          0000
__Hreset_vec              reset_vec    0003
__Hsfr0                   sfr0         0000
__Hsfr1                   sfr1         0000
__Hsfr2                   sfr2         0000
__Hsfr3                   sfr3         0000
__Hspace_0                (abs)        0266
__Hspace_1                (abs)        007A
__Hspace_2                (abs)        0000
__Hspace_3                (abs)        0000
__Hspace_4                (abs)        4010
__Hstack                  stack        0000
__Hstrings                strings      0000
__Htext                   text         0000
__Labs1                   abs1         0000
__Lbank0                  bank0        0000
__Lbank1                  bank1        0000
__Lbank2                  bank2        0000
__Lbank3                  bank3        0000
__LbssBANK0               bssBANK0     0000
__Lcinit                  cinit        000F
__Lclrtext                clrtext      0000
__Lcode                   code         0000
__Lcommon                 common       0000
__Lconfig                 config       0000
__LcstackBANK0            cstackBANK0  0000
__LcstackCOMMON           cstackCOMMON 0000
__Leeprom_data            eeprom_data  0000
__Lend_init               end_init     000C
__Lfunctab                functab      0000
__Linit                   init         000C
__Lintentry               intentry     0004
__Lmaintext               maintext     0000
__LnvBANK0                nvBANK0      0000
__Lpowerup                powerup      0000
__Lram                    ram          0000
__Lreset_vec              reset_vec    0000
__Lsfr0                   sfr0         0000
__Lsfr1                   sfr1         0000
__Lsfr2                   sfr2         0000
__Lsfr3                   sfr3         0000
__Lspace_0                (abs)        0000
__Lspace_1                (abs)        0000
__Lspace_2                (abs)        0000
__Lspace_3                (abs)        0000
__Lspace_4                (abs)        0000
__Lstack                  stack        0000
__Lstrings                strings      0000
__Ltext                   text         0000
__S0                      (abs)        0266
__S1                      (abs)        007A
__S2                      (abs)        0000
__S3                      (abs)        0000
___bmul                   text6        023D
___bmul@multiplicand      cstackCOMMON 0073
___bmul@multiplier        cstackCOMMON 0076
___bmul@product           cstackCOMMON 0075
___int_sp                 stack        0000
___latbits                (abs)        0002
___lwdiv                  text5        014D
___lwdiv@counter          cstackBANK0  0026
___lwdiv@dividend         cstackBANK0  0022
___lwdiv@divisor          cstackBANK0  0020
___lwdiv@quotient         cstackBANK0  0024
___sp                     stack        0000
___stackhi                (abs)        0000
___stacklo                (abs)        0000
___wmul                   text4        01BA
___wmul@multiplicand      cstackCOMMON 0075
___wmul@multiplier        cstackCOMMON 0073
___wmul@product           cstackCOMMON 0077
__end_of_UART_Init        text2        023D
__end_of_UART_Write       text8        0226
__end_of_UART_Write_Char  text7        025E
__end_of___bmul           text6        0252
__end_of___lwdiv          text5        0193
__end_of___wmul           text4        01DF
__end_of__initialization  cinit        0016
__end_of__stringtab       strings      0264
__end_of_divide           text3        00E7
__end_of_isr              text9        0203
__end_of_main             maintext     014D
__end_of_setup            text1        01BA
__initialization          cinit        000F
__pbssBANK0               bssBANK0     003C
__pcstackBANK0            cstackBANK0  0020
__pcstackCOMMON           cstackCOMMON 0070
__pintentry               intentry     0004
__pmaintext               maintext     00E7
__pnvBANK0                nvBANK0      0041
__pstrings                strings      025E
__ptext1                  text1        0193
__ptext2                  text2        0226
__ptext3                  text3        001A
__ptext4                  text4        01BA
__ptext5                  text5        014D
__ptext6                  text6        023D
__ptext7                  text7        0252
__ptext8                  text8        0203
__ptext9                  text9        01DF
__size_of_UART_Init       (abs)        0000
__size_of_UART_Write      (abs)        0000
__size_of_UART_Write_Char (abs)        0000
__size_of___bmul          (abs)        0000
__size_of___lwdiv         (abs)        0000
__size_of___wmul          (abs)        0000
__size_of_divide          (abs)        0000
__size_of_isr             (abs)        0000
__size_of_main            (abs)        0000
__size_of_setup           (abs)        0000
__stringbase              strings      0263
__stringtab               strings      025E
_cc                       bssBANK0     003F
_counter                  bssBANK0     003C
_counter_comp             nvBANK0      0041
_dc                       bssBANK0     003E
_divide                   text3        001A
_isr                      text9        01DF
_main                     maintext     00E7
_mc                       bssBANK0     0040
_setup                    text1        0193
_uc                       bssBANK0     003D
btemp                     (abs)        007E
divide@cent               cstackBANK0  002A
divide@dec                cstackBANK0  002B
divide@mil                cstackBANK0  0029
divide@unit               cstackBANK0  002C
divide@value              cstackBANK0  0027
end_of_initialization     cinit        0016
interrupt_function        intentry     0004
intlevel0                 functab      0000
intlevel1                 functab      0000
intlevel2                 functab      0000
intlevel3                 functab      0000
intlevel4                 functab      0000
intlevel5                 functab      0000
reset_vec                 reset_vec    0000
saved_w                   (abs)        007E
start                     init         000C
start_initialization      cinit        000F
wtemp0                    (abs)        007E


MODULE INFORMATION

Module		Function		Class		Link	Load	Size
C:\Program Files\Microchip\xc8\v2.32\pic\sources\c90\common\Umul8.c
		___bmul        		CODE           	023D	0000	21

C:\Program Files\Microchip\xc8\v2.32\pic\sources\c90\common\Umul8.c estimated size: 21

Digital2_toolbox.c
		_UART_Init     		CODE           	0226	0000	23
		_UART_Write_Char		CODE           	0252	0000	12
		_divide        		CODE           	001A	0000	205
		_UART_Write    		CODE           	0203	0000	35

Digital2_toolbox.c estimated size: 275

shared
		__stringtab    		STRING         	025E	0000	6
		__initialization		CODE           	000F	0000	7

shared estimated size: 13

C:\Program Files\Microchip\xc8\v2.32\pic\sources\c90\common\lwdiv.c
		___lwdiv       		CODE           	014D	0000	70

C:\Program Files\Microchip\xc8\v2.32\pic\sources\c90\common\lwdiv.c estimated size: 70

C:\Program Files\Microchip\xc8\v2.32\pic\sources\c90\common\Umul16.c
		___wmul        		CODE           	01BA	0000	37

C:\Program Files\Microchip\xc8\v2.32\pic\sources\c90\common\Umul16.c estimated size: 37

main.c
		_main          		CODE           	00E7	0000	102
		_isr           		CODE           	01DF	0000	36
		_setup         		CODE           	0193	0000	39

main.c estimated size: 177

