Microchip MPLAB XC8 Compiler V2.32

Linker command line:

-W-3 --edf=C:\Program Files\Microchip\xc8\v2.32\pic\dat\en_msgs.txt -cn \
  -h+dist/default/production\Proyecto_1_Master.X.production.sym \
  --cmf=dist/default/production\Proyecto_1_Master.X.production.cmf -z \
  -Q16F887 -oC:\Users\stefa\AppData\Local\Temp\xcAshdg.4 \
  --defsym=__MPLAB_BUILD=1 \
  -Mdist/default/production/Proyecto_1_Master.X.production.map -E1 \
  -ver=XC8 Compiler --acfsm=1493 -ASTACK=0110h-016Fh -pstack=STACK \
  -ACODE=00h-07FFhx4 -ASTRCODE=00h-01FFFh -ASTRING=00h-0FFhx32 \
  -ACONST=00h-0FFhx32 -AENTRY=00h-0FFhx32 -ACOMMON=070h-07Fh \
  -ABANK0=020h-06Fh -ABANK1=0A0h-0EFh -ABANK2=0110h-016Fh \
  -ABANK3=0190h-01EFh -ARAM=020h-06Fh,0A0h-0EFh,0110h-016Fh,0190h-01EFh \
  -AABS1=020h-07Fh,0A0h-0EFh,0110h-016Fh,0190h-01EFh -ASFR0=00h-01Fh \
  -ASFR1=080h-09Fh -ASFR2=0100h-010Fh -ASFR3=0180h-018Fh \
  -ACONFIG=02007h-02008h -DCONFIG=2 -AIDLOC=02000h-02003h -DIDLOC=2 \
  -AEEDATA=00h-0FFh/02100h -peeprom_data=EEDATA -DEEDATA=2 -DCODE=2 \
  -DSTRCODE=2 -DSTRING=2 -DCONST=2 -DENTRY=2 \
  -preset_vec=00h,intentry=04h,init,end_init -ppowerup=CODE -pcinit=CODE \
  -pfunctab=ENTRY -k C:\Users\stefa\AppData\Local\Temp\xcAshdg.o \
  dist/default/production\Proyecto_1_Master.X.production.o 

Object code version is 3.11

Machine type is 16F887



                Name                               Link     Load   Length Selector   Space Scale
C:\Users\stefa\AppData\Local\Temp\xcAshdg.o
                end_init                              C        C        3        8       0
                reset_vec                             0        0        3        0       0
                config                             2007     2007        2        0       4
dist/default/production\Proyecto_1_Master.X.production.o
                cinit                                 F        F       11        8       0
                intentry                              4        4        8        8       0
                config                             2007     2007        2        0       4
                text14                              36F      36F        7      5BC       0
                text13                              346      346        D      5BC       0
                text12                              286      286       2E        8       0
                text11                              366      366        9      5BC       0
                text10                              35D      35D        9      5BC       0
                text9                               353      353        A      5BC       0
                text8                               303      303       18      5BC       0
                text7                               2DE      2DE       25      5BC       0
                text6                               143      143       68        8       0
                text5                               24C      24C       3A        8       0
                text4                               332      332       14      5BC       0
                text3                               1AB      1AB       58        8       0
                text2                               31B      31B       17      5BC       0
                text1                               203      203       49        8       0
                maintext                             20       20      123        8       0
                cstackBANK0                          20       20       13       20       1
                cstackCOMMON                         70       70        8       70       1
                bssBANK0                             33       33        8       20       1
                bssCOMMON                            78       78        3       70       1
                strings                             2B4      2B4       2A      568       0

TOTAL           Name                               Link     Load   Length     Space
        CLASS   STACK          

        CLASS   CODE           
                end_init                              C        C        3         0
                cinit                                 F        F       11         0
                intentry                              4        4        8         0
                reset_vec                             0        0        3         0
                text14                              36F      36F        7         0
                text13                              346      346        D         0
                text12                              286      286       2E         0
                text11                              366      366        9         0
                text10                              35D      35D        9         0
                text9                               353      353        A         0
                text8                               303      303       18         0
                text7                               2DE      2DE       25         0
                text6                               143      143       68         0
                text5                               24C      24C       3A         0
                text4                               332      332       14         0
                text3                               1AB      1AB       58         0
                text2                               31B      31B       17         0
                text1                               203      203       49         0
                maintext                             20       20      123         0

        CLASS   STRCODE        

        CLASS   STRING         
                strings                             2B4      2B4       2A         0

        CLASS   CONST          

        CLASS   ENTRY          

        CLASS   COMMON         
                cstackCOMMON                         70       70        8         1
                bssCOMMON                            78       78        3         1

        CLASS   BANK0          
                cstackBANK0                          20       20       13         1
                bssBANK0                             33       33        8         1

        CLASS   BANK1          

        CLASS   BANK2          

        CLASS   BANK3          

        CLASS   RAM            

        CLASS   ABS1           
                abs_s1                               7E       7E        2         1

        CLASS   SFR0           

        CLASS   SFR1           

        CLASS   SFR2           

        CLASS   SFR3           

        CLASS   CONFIG         
                config                             2007     2007        2         4

        CLASS   IDLOC          

        CLASS   EEDATA         



SEGMENTS        Name                           Load    Length   Top    Selector   Space  Class     Delta

                reset_vec                      000000  000003  000003         0       0  CODE        2
                intentry                       000004  0002B0  0002B4         8       0  CODE        2
                cstackBANK0                    000020  00001B  00003B        20       1  BANK0       1
                cstackCOMMON                   000070  00000B  00007B        70       1  COMMON      1
                strings                        0002B4  00002A  0002DE       568       0  STRING      2
                text7                          0002DE  000098  000376       5BC       0  CODE        2


UNUSED ADDRESS RANGES

        Name                Unused          Largest block    Delta
        BANK0            003B-006F             35           1
        BANK1            00A0-00EF             50           1
        BANK2            0110-016F             60           1
        BANK3            0190-01EF             60           1
        CODE             0003-0003              1           2
                         0376-1FFF            800
        COMMON           007B-007D              3           1
        CONST            0003-0003              1           2
                         0376-1FFF            100
        EEDATA           2100-21FF            100           2
        ENTRY            0003-0003              1           2
                         0376-1FFF            100
        IDLOC            2000-2003              4           2
        RAM              003B-006F             35           1
                         00A0-00EF             50
                         0110-016F             60
                         0190-01EF             60
        SFR0             0000-001F             20           1
        SFR1             0080-009F             20           1
        SFR2             0100-010F             10           1
        SFR3             0180-018F             10           1
        STACK            0110-016F             60           1
        STRCODE          0003-0003              1           2
                         0376-1FFF           1C8A
        STRING           0003-0003              1           2
                         0376-1FFF            100

                                  Symbol Table

?_I2C_Master_Read          cstackCOMMON 0072
?___lldiv                  cstackBANK0  0020
I2C_Master_Init@c          cstackBANK0  0028
I2C_Master_Read@a          cstackCOMMON 0072
I2C_Master_Read@temp       cstackCOMMON 0076
I2C_Master_Write@d         cstackCOMMON 0072
Lcd_Cmd@a                  cstackCOMMON 0074
Lcd_Write_Char@a           cstackCOMMON 0074
Lcd_Write_String@a         cstackCOMMON 0077
Lcd_Write_String@i         cstackCOMMON 0075
_ADRESH                    (abs)        001E
_ADRESL                    (abs)        009E
_ANSEL                     (abs)        0188
_ANSELH                    (abs)        0189
_BRG16                     (abs)        0C3B
_CCP1M2                    (abs)        00BA
_CCP1M3                    (abs)        00BB
_CCPR1L                    (abs)        0015
_GIE                       (abs)        005F
_I2C_Master_Init           text5        024C
_I2C_Master_Read           text12       0286
_I2C_Master_Start          text11       0366
_I2C_Master_Stop           text10       035D
_I2C_Master_Wait           text13       0346
_I2C_Master_Write          text9        0353
_Lcd_Cmd                   text4        0332
_Lcd_Init                  text3        01AB
_Lcd_Write_Char            text8        0303
_Lcd_Write_String          text7        02DE
_PEIE                      (abs)        005E
_PORTA                     (abs)        0005
_PORTB                     (abs)        0006
_PORTC                     (abs)        0007
_PORTD                     (abs)        0008
_PORTE                     (abs)        0009
_PR2                       (abs)        0092
_RCSTAbits                 (abs)        0018
_RD0                       (abs)        0040
_RD1                       (abs)        0041
_RE0                       (abs)        0048
_RE1                       (abs)        0049
_SPBRG                     (abs)        0099
_SPBRGH                    (abs)        009A
_SSPADD                    (abs)        0093
_SSPBUF                    (abs)        0013
_SSPCON                    (abs)        0014
_SSPCON2                   (abs)        0091
_SSPCON2bits               (abs)        0091
_SSPIE                     (abs)        0463
_SSPIF                     (abs)        0063
_SSPSTAT                   (abs)        0094
_SSPSTATbits               (abs)        0094
_T2CON                     (abs)        0012
_T2CONbits                 (abs)        0012
_TMR2IF                    (abs)        0061
_TRISA                     (abs)        0085
_TRISB                     (abs)        0086
_TRISC                     (abs)        0087
_TRISC3                    (abs)        043B
_TRISC4                    (abs)        043C
_TRISC5                    (abs)        043D
_TRISCbits                 (abs)        0087
_TRISD                     (abs)        0088
_TRISE                     (abs)        0089
_TXREG                     (abs)        0019
_TXSTAbits                 (abs)        0098
_UART_Init                 text2        031B
__Habs1                    abs1         0000
__Hbank0                   bank0        0000
__Hbank1                   bank1        0000
__Hbank2                   bank2        0000
__Hbank3                   bank3        0000
__HbssBANK0                bssBANK0     0000
__HbssCOMMON               bssCOMMON    0000
__Hcinit                   cinit        0020
__Hclrtext                 clrtext      0000
__Hcode                    code         0000
__Hcommon                  common       0000
__Hconfig                  config       2009
__HcstackBANK0             cstackBANK0  0000
__HcstackCOMMON            cstackCOMMON 0000
__Heeprom_data             eeprom_data  0000
__Hend_init                end_init     000F
__Hfunctab                 functab      0000
__Hinit                    init         000C
__Hintentry                intentry     000C
__Hmaintext                maintext     0000
__Hpowerup                 powerup      0000
__Hram                     ram          0000
__Hreset_vec               reset_vec    0003
__Hsfr0                    sfr0         0000
__Hsfr1                    sfr1         0000
__Hsfr2                    sfr2         0000
__Hsfr3                    sfr3         0000
__Hspace_0                 (abs)        0376
__Hspace_1                 (abs)        007B
__Hspace_2                 (abs)        0000
__Hspace_3                 (abs)        0000
__Hspace_4                 (abs)        4010
__Hstack                   stack        0000
__Hstrings                 strings      0000
__Htext                    text         0000
__Labs1                    abs1         0000
__Lbank0                   bank0        0000
__Lbank1                   bank1        0000
__Lbank2                   bank2        0000
__Lbank3                   bank3        0000
__LbssBANK0                bssBANK0     0000
__LbssCOMMON               bssCOMMON    0000
__Lcinit                   cinit        000F
__Lclrtext                 clrtext      0000
__Lcode                    code         0000
__Lcommon                  common       0000
__Lconfig                  config       0000
__LcstackBANK0             cstackBANK0  0000
__LcstackCOMMON            cstackCOMMON 0000
__Leeprom_data             eeprom_data  0000
__Lend_init                end_init     000C
__Lfunctab                 functab      0000
__Linit                    init         000C
__Lintentry                intentry     0004
__Lmaintext                maintext     0000
__Lpowerup                 powerup      0000
__Lram                     ram          0000
__Lreset_vec               reset_vec    0000
__Lsfr0                    sfr0         0000
__Lsfr1                    sfr1         0000
__Lsfr2                    sfr2         0000
__Lsfr3                    sfr3         0000
__Lspace_0                 (abs)        0000
__Lspace_1                 (abs)        0000
__Lspace_2                 (abs)        0000
__Lspace_3                 (abs)        0000
__Lspace_4                 (abs)        0000
__Lstack                   stack        0000
__Lstrings                 strings      0000
__Ltext                    text         0000
__S0                       (abs)        0376
__S1                       (abs)        007B
__S2                       (abs)        0000
__S3                       (abs)        0000
___int_sp                  stack        0000
___latbits                 (abs)        0002
___lldiv                   text6        0143
___lldiv@counter           cstackCOMMON 0077
___lldiv@dividend          cstackBANK0  0024
___lldiv@divisor           cstackBANK0  0020
___lldiv@quotient          cstackCOMMON 0073
___sp                      stack        0000
___stackhi                 (abs)        0000
___stacklo                 (abs)        0000
__end_of_I2C_Master_Init   text5        0286
__end_of_I2C_Master_Read   text12       02B4
__end_of_I2C_Master_Start  text11       036F
__end_of_I2C_Master_Stop   text10       0366
__end_of_I2C_Master_Wait   text13       0353
__end_of_I2C_Master_Write  text9        035D
__end_of_Lcd_Cmd           text4        0346
__end_of_Lcd_Init          text3        0203
__end_of_Lcd_Write_Char    text8        031B
__end_of_Lcd_Write_String  text7        0303
__end_of_UART_Init         text2        0332
__end_of___lldiv           text6        01AB
__end_of__initialization   cinit        001C
__end_of__stringtab        strings      02BA
__end_of_isr               text14       0376
__end_of_main              maintext     0143
__end_of_setup             text1        024C
__initialization           cinit        000F
__pbssBANK0                bssBANK0     0033
__pbssCOMMON               bssCOMMON    0078
__pcstackBANK0             cstackBANK0  0020
__pcstackCOMMON            cstackCOMMON 0070
__pintentry                intentry     0004
__pmaintext                maintext     0020
__pstrings                 strings      02B4
__ptext1                   text1        0203
__ptext10                  text10       035D
__ptext11                  text11       0366
__ptext12                  text12       0286
__ptext13                  text13       0346
__ptext14                  text14       036F
__ptext2                   text2        031B
__ptext3                   text3        01AB
__ptext4                   text4        0332
__ptext5                   text5        024C
__ptext6                   text6        0143
__ptext7                   text7        02DE
__ptext8                   text8        0303
__ptext9                   text9        0353
__size_of_I2C_Master_Init  (abs)        0000
__size_of_I2C_Master_Read  (abs)        0000
__size_of_I2C_Master_Start (abs)        0000
__size_of_I2C_Master_Stop  (abs)        0000
__size_of_I2C_Master_Wait  (abs)        0000
__size_of_I2C_Master_Write (abs)        0000
__size_of_Lcd_Cmd          (abs)        0000
__size_of_Lcd_Init         (abs)        0000
__size_of_Lcd_Write_Char   (abs)        0000
__size_of_Lcd_Write_String (abs)        0000
__size_of_UART_Init        (abs)        0000
__size_of___lldiv          (abs)        0000
__size_of_isr              (abs)        0000
__size_of_main             (abs)        0000
__size_of_setup            (abs)        0000
__stringbase               strings      02B9
__stringtab                strings      02B4
_door                      bssBANK0     0035
_in_counter                bssBANK0     0033
_in_sensor                 bssBANK0     0034
_isr                       text14       036F
_light                     bssBANK0     003A
_lock                      bssBANK0     0036
_main                      maintext     0020
_out_flag                  bssBANK0     0037
_setup                     text1        0203
btemp                      (abs)        007E
end_of_initialization      cinit        001C
interrupt_function         intentry     0004
intlevel0                  functab      0000
intlevel1                  functab      0000
intlevel2                  functab      0000
intlevel3                  functab      0000
intlevel4                  functab      0000
intlevel5                  functab      0000
reset_vec                  reset_vec    0000
saved_w                    (abs)        007E
start                      init         000C
start_initialization       cinit        000F
wtemp0                     (abs)        007E


MODULE INFORMATION

Module		Function		Class		Link	Load	Size
Digital2_toolbox.c
		_Lcd_Write_String		CODE           	02DE	0000	37
		_Lcd_Init      		CODE           	01AB	0000	88
		_Lcd_Write_Char		CODE           	0303	0000	24
		_I2C_Master_Read		CODE           	0286	0000	46
		_UART_Init     		CODE           	031B	0000	23
		_I2C_Master_Wait		CODE           	0346	0000	13
		_I2C_Master_Init		CODE           	024C	0000	58
		_I2C_Master_Stop		CODE           	035D	0000	9
		_Lcd_Cmd       		CODE           	0332	0000	20
		_I2C_Master_Write		CODE           	0353	0000	10
		_I2C_Master_Start		CODE           	0366	0000	9

Digital2_toolbox.c estimated size: 337

shared
		__stringtab    		STRING         	02B4	0000	6
		__initialization		CODE           	000F	0000	13

shared estimated size: 19

main.c
		_main          		CODE           	0020	0000	291
		_isr           		CODE           	036F	0000	7
		_setup         		CODE           	0203	0000	73

main.c estimated size: 371

C:\Program Files\Microchip\xc8\v2.32\pic\sources\c90\common\__lldiv.c
		___lldiv       		CODE           	0143	0000	104

C:\Program Files\Microchip\xc8\v2.32\pic\sources\c90\common\__lldiv.c estimated size: 104

